Archive member included to satisfy reference by file (symbol)

c:/st/stm32cubeide_1.12.1/stm32cubeide/plugins/com.st.stm32cube.ide.mcu.externaltools.gnu-tools-for-stm32.10.3-2021.10.win32_1.0.200.202301161003/tools/bin/../lib/gcc/arm-none-eabi/10.3.1/../../../../arm-none-eabi/lib/thumb/v6-m/nofp\libc_nano.a(lib_a-errno.o)
                              ./Core/Src/syscalls.o (__errno)
c:/st/stm32cubeide_1.12.1/stm32cubeide/plugins/com.st.stm32cube.ide.mcu.externaltools.gnu-tools-for-stm32.10.3-2021.10.win32_1.0.200.202301161003/tools/bin/../lib/gcc/arm-none-eabi/10.3.1/../../../../arm-none-eabi/lib/thumb/v6-m/nofp\libc_nano.a(lib_a-exit.o)
                              c:/st/stm32cubeide_1.12.1/stm32cubeide/plugins/com.st.stm32cube.ide.mcu.externaltools.gnu-tools-for-stm32.10.3-2021.10.win32_1.0.200.202301161003/tools/bin/../lib/gcc/arm-none-eabi/10.3.1/../../../../arm-none-eabi/lib/thumb/v6-m/nofp/crt0.o (exit)
c:/st/stm32cubeide_1.12.1/stm32cubeide/plugins/com.st.stm32cube.ide.mcu.externaltools.gnu-tools-for-stm32.10.3-2021.10.win32_1.0.200.202301161003/tools/bin/../lib/gcc/arm-none-eabi/10.3.1/../../../../arm-none-eabi/lib/thumb/v6-m/nofp\libc_nano.a(lib_a-impure.o)
                              c:/st/stm32cubeide_1.12.1/stm32cubeide/plugins/com.st.stm32cube.ide.mcu.externaltools.gnu-tools-for-stm32.10.3-2021.10.win32_1.0.200.202301161003/tools/bin/../lib/gcc/arm-none-eabi/10.3.1/../../../../arm-none-eabi/lib/thumb/v6-m/nofp\libc_nano.a(lib_a-exit.o) (_global_impure_ptr)
c:/st/stm32cubeide_1.12.1/stm32cubeide/plugins/com.st.stm32cube.ide.mcu.externaltools.gnu-tools-for-stm32.10.3-2021.10.win32_1.0.200.202301161003/tools/bin/../lib/gcc/arm-none-eabi/10.3.1/../../../../arm-none-eabi/lib/thumb/v6-m/nofp\libc_nano.a(lib_a-init.o)
                              c:/st/stm32cubeide_1.12.1/stm32cubeide/plugins/com.st.stm32cube.ide.mcu.externaltools.gnu-tools-for-stm32.10.3-2021.10.win32_1.0.200.202301161003/tools/bin/../lib/gcc/arm-none-eabi/10.3.1/../../../../arm-none-eabi/lib/thumb/v6-m/nofp/crt0.o (__libc_init_array)
c:/st/stm32cubeide_1.12.1/stm32cubeide/plugins/com.st.stm32cube.ide.mcu.externaltools.gnu-tools-for-stm32.10.3-2021.10.win32_1.0.200.202301161003/tools/bin/../lib/gcc/arm-none-eabi/10.3.1/../../../../arm-none-eabi/lib/thumb/v6-m/nofp\libc_nano.a(lib_a-memcpy-stub.o)
                              ./Core/Src/lightingModule.o (memcpy)
c:/st/stm32cubeide_1.12.1/stm32cubeide/plugins/com.st.stm32cube.ide.mcu.externaltools.gnu-tools-for-stm32.10.3-2021.10.win32_1.0.200.202301161003/tools/bin/../lib/gcc/arm-none-eabi/10.3.1/../../../../arm-none-eabi/lib/thumb/v6-m/nofp\libc_nano.a(lib_a-memset.o)
                              c:/st/stm32cubeide_1.12.1/stm32cubeide/plugins/com.st.stm32cube.ide.mcu.externaltools.gnu-tools-for-stm32.10.3-2021.10.win32_1.0.200.202301161003/tools/bin/../lib/gcc/arm-none-eabi/10.3.1/../../../../arm-none-eabi/lib/thumb/v6-m/nofp/crt0.o (memset)
c:/st/stm32cubeide_1.12.1/stm32cubeide/plugins/com.st.stm32cube.ide.mcu.externaltools.gnu-tools-for-stm32.10.3-2021.10.win32_1.0.200.202301161003/tools/bin/../lib/gcc/arm-none-eabi/10.3.1/../../../../arm-none-eabi/lib/thumb/v6-m/nofp\libc_nano.a(lib_a-nano-vfprintf_float.o)
                              (_printf_float)
c:/st/stm32cubeide_1.12.1/stm32cubeide/plugins/com.st.stm32cube.ide.mcu.externaltools.gnu-tools-for-stm32.10.3-2021.10.win32_1.0.200.202301161003/tools/bin/../lib/gcc/arm-none-eabi/10.3.1/../../../../arm-none-eabi/lib/thumb/v6-m/nofp\libc_nano.a(lib_a-nano-vfprintf_i.o)
                              c:/st/stm32cubeide_1.12.1/stm32cubeide/plugins/com.st.stm32cube.ide.mcu.externaltools.gnu-tools-for-stm32.10.3-2021.10.win32_1.0.200.202301161003/tools/bin/../lib/gcc/arm-none-eabi/10.3.1/../../../../arm-none-eabi/lib/thumb/v6-m/nofp\libc_nano.a(lib_a-nano-vfprintf_float.o) (_printf_common)
c:/st/stm32cubeide_1.12.1/stm32cubeide/plugins/com.st.stm32cube.ide.mcu.externaltools.gnu-tools-for-stm32.10.3-2021.10.win32_1.0.200.202301161003/tools/bin/../lib/gcc/arm-none-eabi/10.3.1/../../../../arm-none-eabi/lib/thumb/v6-m/nofp\libc_nano.a(lib_a-rand.o)
                              ./Core/Src/lightingModule.o (rand)
c:/st/stm32cubeide_1.12.1/stm32cubeide/plugins/com.st.stm32cube.ide.mcu.externaltools.gnu-tools-for-stm32.10.3-2021.10.win32_1.0.200.202301161003/tools/bin/../lib/gcc/arm-none-eabi/10.3.1/../../../../arm-none-eabi/lib/thumb/v6-m/nofp\libc_nano.a(lib_a-sprintf.o)
                              ./Core/Src/lightingModule.o (sprintf)
c:/st/stm32cubeide_1.12.1/stm32cubeide/plugins/com.st.stm32cube.ide.mcu.externaltools.gnu-tools-for-stm32.10.3-2021.10.win32_1.0.200.202301161003/tools/bin/../lib/gcc/arm-none-eabi/10.3.1/../../../../arm-none-eabi/lib/thumb/v6-m/nofp\libc_nano.a(lib_a-strlen.o)
[...]
Memory Configuration

Name             Origin             Length             Attributes
RAM              0x0000000020000000 0x0000000000002000 xrw
FLASH            0x0000000008000000 0x0000000000008000 xr
*default*        0x0000000000000000 0xffffffffffffffff

Linker script and memory map

LOAD c:/st/stm32cubeide_1.12.1/stm32cubeide/plugins/com.st.stm32cube.ide.mcu.externaltools.gnu-tools-for-stm32.10.3-2021.10.win32_1.0.200.202301161003/tools/bin/../lib/gcc/arm-none-eabi/10.3.1/thumb/v6-m/nofp/crti.o
LOAD c:/st/stm32cubeide_1.12.1/stm32cubeide/plugins/com.st.stm32cube.ide.mcu.externaltools.gnu-tools-for-stm32.10.3-2021.10.win32_1.0.200.202301161003/tools/bin/../lib/gcc/arm-none-eabi/10.3.1/thumb/v6-m/nofp/crtbegin.o
LOAD c:/st/stm32cubeide_1.12.1/stm32cubeide/plugins/com.st.stm32cube.ide.mcu.externaltools.gnu-tools-for-stm32.10.3-2021.10.win32_1.0.200.202301161003/tools/bin/../lib/gcc/arm-none-eabi/10.3.1/../../../../arm-none-eabi/lib/thumb/v6-m/nofp/crt0.o
LOAD ./Core/Src/button.o
LOAD ./Core/Src/lightEffects.o
LOAD ./Core/Src/lightSensor.o
LOAD ./Core/Src/lightingModule.o
LOAD ./Core/Src/main.o
LOAD ./Core/Src/stm32g0xx_it.o
LOAD ./Core/Src/syscalls.o
LOAD ./Core/Src/sysmem.o
LOAD ./Core/Src/system_stm32g0xx.o
LOAD ./Core/Src/uartDebug.o
LOAD ./Core/Src/ws2812b_driver.o
LOAD ./Core/Startup/startup_stm32g030f6px.o
LOAD ./Drivers/STM32G0xx_HAL_Driver/stm32g0xx_ll_adc.o
LOAD ./Drivers/STM32G0xx_HAL_Driver/stm32g0xx_ll_dma.o
LOAD ./Drivers/STM32G0xx_HAL_Driver/stm32g0xx_ll_exti.o
LOAD ./Drivers/STM32G0xx_HAL_Driver/stm32g0xx_ll_gpio.o
LOAD ./Drivers/STM32G0xx_HAL_Driver/stm32g0xx_ll_pwr.o
LOAD ./Drivers/STM32G0xx_HAL_Driver/stm32g0xx_ll_rcc.o
LOAD ./Drivers/STM32G0xx_HAL_Driver/stm32g0xx_ll_tim.o
LOAD ./Drivers/STM32G0xx_HAL_Driver/stm32g0xx_ll_usart.o
LOAD ./Drivers/STM32G0xx_HAL_Driver/stm32g0xx_ll_utils.o
START GROUP
LOAD c:/st/stm32cubeide_1.12.1/stm32cubeide/plugins/com.st.stm32cube.ide.mcu.externaltools.gnu-tools-for-stm32.10.3-2021.10.win32_1.0.200.202301161003/tools/bin/../lib/gcc/arm-none-eabi/10.3.1/../../../../arm-none-eabi/lib/thumb/v6-m/nofp\libc_nano.a
LOAD c:/st/stm32cubeide_1.12.1/stm32cubeide/plugins/com.st.stm32cube.ide.mcu.externaltools.gnu-tools-for-stm32.10.3-2021.10.win32_1.0.200.202301161003/tools/bin/../lib/gcc/arm-none-eabi/10.3.1/../../../../arm-none-eabi/lib/thumb/v6-m/nofp\libm.a
END GROUP
START GROUP
LOAD c:/st/stm32cubeide_1.12.1/stm32cubeide/plugins/com.st.stm32cube.ide.mcu.externaltools.gnu-tools-for-stm32.10.3-2021.10.win32_1.0.200.202301161003/tools/bin/../lib/gcc/arm-none-eabi/10.3.1/thumb/v6-m/nofp\libgcc.a
LOAD c:/st/stm32cubeide_1.12.1/stm32cubeide/plugins/com.st.stm32cube.ide.mcu.externaltools.gnu-tools-for-stm32.10.3-2021.10.win32_1.0.200.202301161003/tools/bin/../lib/gcc/arm-none-eabi/10.3.1/../../../../arm-none-eabi/lib/thumb/v6-m/nofp\libc_nano.a
END GROUP
START GROUP
LOAD c:/st/stm32cubeide_1.12.1/stm32cubeide/plugins/com.st.stm32cube.ide.mcu.externaltools.gnu-tools-for-stm32.10.3-2021.10.win32_1.0.200.202301161003/tools/bin/../lib/gcc/arm-none-eabi/10.3.1/thumb/v6-m/nofp\libgcc.a
LOAD c:/st/stm32cubeide_1.12.1/stm32cubeide/plugins/com.st.stm32cube.ide.mcu.externaltools.gnu-tools-for-stm32.10.3-2021.10.win32_1.0.200.202301161003/tools/bin/../lib/gcc/arm-none-eabi/10.3.1/../../../../arm-none-eabi/lib/thumb/v6-m/nofp\libc_nano.a
LOAD c:/st/stm32cubeide_1.12.1/stm32cubeide/plugins/com.st.stm32cube.ide.mcu.externaltools.gnu-tools-for-stm32.10.3-2021.10.win32_1.0.200.202301161003/tools/bin/../lib/gcc/arm-none-eabi/10.3.1/../../../../arm-none-eabi/lib/thumb/v6-m/nofp\libnosys.a
END GROUP
START GROUP
LOAD c:/st/stm32cubeide_1.12.1/stm32cubeide/plugins/com.st.stm32cube.ide.mcu.externaltools.gnu-tools-for-stm32.10.3-2021.10.win32_1.0.200.202301161003/tools/bin/../lib/gcc/arm-none-eabi/10.3.1/thumb/v6-m/nofp\libgcc.a
LOAD c:/st/stm32cubeide_1.12.1/stm32cubeide/plugins/com.st.stm32cube.ide.mcu.externaltools.gnu-tools-for-stm32.10.3-2021.10.win32_1.0.200.202301161003/tools/bin/../lib/gcc/arm-none-eabi/10.3.1/../../../../arm-none-eabi/lib/thumb/v6-m/nofp\libc_nano.a
LOAD c:/st/stm32cubeide_1.12.1/stm32cubeide/plugins/com.st.stm32cube.ide.mcu.externaltools.gnu-tools-for-stm32.10.3-2021.10.win32_1.0.200.202301161003/tools/bin/../lib/gcc/arm-none-eabi/10.3.1/../../../../arm-none-eabi/lib/thumb/v6-m/nofp\libnosys.a
END GROUP
LOAD c:/st/stm32cubeide_1.12.1/stm32cubeide/plugins/com.st.stm32cube.ide.mcu.externaltools.gnu-tools-for-stm32.10.3-2021.10.win32_1.0.200.202301161003/tools/bin/../lib/gcc/arm-none-eabi/10.3.1/thumb/v6-m/nofp/crtend.o
LOAD c:/st/stm32cubeide_1.12.1/stm32cubeide/plugins/com.st.stm32cube.ide.mcu.externaltools.gnu-tools-for-stm32.10.3-2021.10.win32_1.0.200.202301161003/tools/bin/../lib/gcc/arm-none-eabi/10.3.1/thumb/v6-m/nofp/crtn.o
                0x0000000020002000                _estack = (ORIGIN (RAM) + LENGTH (RAM))
                0x0000000000000200                _Min_Heap_Size = 0x200
                0x0000000000000400                _Min_Stack_Size = 0x400

.isr_vector     0x0000000008000000       0xb8
                0x0000000008000000                . = ALIGN (0x4)
 *(.isr_vector)
 .isr_vector    0x0000000008000000       0xb8 ./Core/Startup/startup_stm32g030f6px.o
                0x0000000008000000                g_pfnVectors
                0x00000000080000b8                . = ALIGN (0x4)

.text           0x00000000080000b8     0x8ca4
                0x00000000080000b8                . = ALIGN (0x4)
 *(.text)
 .text          0x00000000080000b8       0x48 c:/st/stm32cubeide_1.12.1/stm32cubeide/plugins/com.st.stm32cube.ide.mcu.externaltools.gnu-tools-for-stm32.10.3-2021.10.win32_1.0.200.202301161003/tools/bin/../lib/gcc/arm-none-eabi/10.3.1/thumb/v6-m/nofp/crtbegin.o
 .text          0x0000000008000100        0xe c:/st/stm32cubeide_1.12.1/stm32cubeide/plugins/com.st.stm32cube.ide.mcu.externaltools.gnu-tools-for-stm32.10.3-2021.10.win32_1.0.200.202301161003/tools/bin/../lib/gcc/arm-none-eabi/10.3.1/../../../../arm-none-eabi/lib/thumb/v6-m/nofp\libc_nano.a(lib_a-strlen.o)
                0x0000000008000100                strlen
 *fill*         0x000000000800010e        0x2 
 .text          0x0000000008000110       0x14 c:/st/stm32cubeide_1.12.1/stm32cubeide/plugins/com.st.stm32cube.ide.mcu.externaltools.gnu-tools-for-stm32.10.3-2021.10.win32_1.0.200.202301161003/tools/bin/../lib/gcc/arm-none-eabi/10.3.1/thumb/v6-m/nofp\libgcc.a(_thumb1_case_uqi.o)
                0x0000000008000110                __gnu_thumb1_case_uqi
 .text          0x0000000008000124       0x14 c:/st/stm32cubeide_1.12.1/stm32cubeide/plugins/com.st.stm32cube.ide.mcu.externaltools.gnu-tools-for-stm32.10.3-2021.10.win32_1.0.200.202301161003/tools/bin/../lib/gcc/arm-none-eabi/10.3.1/thumb/v6-m/nofp\libgcc.a(_thumb1_case_shi.o)
                0x0000000008000124                __gnu_thumb1_case_shi
 .text          0x0000000008000138      0x114 c:/st/stm32cubeide_1.12.1/stm32cubeide/plugins/com.st.stm32cube.ide.mcu.externaltools.gnu-tools-for-stm32.10.3-2021.10.win32_1.0.200.202301161003/tools/bin/../lib/gcc/arm-none-eabi/10.3.1/thumb/v6-m/nofp\libgcc.a(_udivsi3.o)
                0x0000000008000138                __aeabi_uidiv
                0x0000000008000138                __udivsi3
                0x0000000008000244                __aeabi_uidivmod
 .text          0x000000000800024c      0x1d4 c:/st/stm32cubeide_1.12.1/stm32cubeide/plugins/com.st.stm32cube.ide.mcu.externaltools.gnu-tools-for-stm32.10.3-2021.10.win32_1.0.200.202301161003/tools/bin/../lib/gcc/arm-none-eabi/10.3.1/thumb/v6-m/nofp\libgcc.a(_divsi3.o)
                0x000000000800024c                __divsi3
                0x000000000800024c                __aeabi_idiv
                0x0000000008000418                __aeabi_idivmod
 .text          0x0000000008000420        0x4 c:/st/stm32cubeide_1.12.1/stm32cubeide/plugins/com.st.stm32cube.ide.mcu.externaltools.gnu-tools-for-stm32.10.3-2021.10.win32_1.0.200.202301161003/tools/bin/../lib/gcc/arm-none-eabi/10.3.1/thumb/v6-m/nofp\libgcc.a(_dvmd_tls.o)
                0x0000000008000420                __aeabi_idiv0
                0x0000000008000420                __aeabi_ldiv0
 .text          0x0000000008000424       0x7c c:/st/stm32cubeide_1.12.1/stm32cubeide/plugins/com.st.stm32cube.ide.mcu.externaltools.gnu-tools-for-stm32.10.3-2021.10.win32_1.0.200.202301161003/tools/bin/../lib/gcc/arm-none-eabi/10.3.1/thumb/v6-m/nofp\libgcc.a(_arm_cmpdf2.o)
                0x0000000008000424                __aeabi_cdrcmple
                0x0000000008000434                __aeabi_cdcmple
                0x0000000008000434                __aeabi_cdcmpeq
                0x0000000008000444                __aeabi_dcmpeq
                0x0000000008000450                __aeabi_dcmplt
                0x0000000008000464                __aeabi_dcmple
                0x0000000008000478                __aeabi_dcmpgt
                0x000000000800048c                __aeabi_dcmpge
 .text          0x00000000080004a0       0x5c c:/st/stm32cubeide_1.12.1/stm32cubeide/plugins/com.st.stm32cube.ide.mcu.externaltools.gnu-tools-for-stm32.10.3-2021.10.win32_1.0.200.202301161003/tools/bin/../lib/gcc/arm-none-eabi/10.3.1/thumb/v6-m/nofp\libgcc.a(_muldi3.o)
                0x00000000080004a0                __muldi3
                0x00000000080004a0                __aeabi_lmul
 .text          0x00000000080004fc       0x3c c:/st/stm32cubeide_1.12.1/stm32cubeide/plugins/com.st.stm32cube.ide.mcu.externaltools.gnu-tools-for-stm32.10.3-2021.10.win32_1.0.200.202301161003/tools/bin/../lib/gcc/arm-none-eabi/10.3.1/thumb/v6-m/nofp\libgcc.a(_fixunsdfsi.o)
                0x00000000080004fc                __aeabi_d2uiz
                0x00000000080004fc                __fixunsdfsi
 .text          0x0000000008000538      0x678 c:/st/stm32cubeide_1.12.1/stm32cubeide/plugins/com.st.stm32cube.ide.mcu.externaltools.gnu-tools-for-stm32.10.3-2021.10.win32_1.0.200.202301161003/tools/bin/../lib/gcc/arm-none-eabi/10.3.1/thumb/v6-m/nofp\libgcc.a(adddf3.o)
                0x0000000008000538                __aeabi_dadd
 .text          0x0000000008000bb0      0x5ec c:/st/stm32cubeide_1.12.1/stm32cubeide/plugins/com.st.stm32cube.ide.mcu.externaltools.gnu-tools-for-stm32.10.3-2021.10.win32_1.0.200.202301161003/tools/bin/../lib/gcc/arm-none-eabi/10.3.1/thumb/v6-m/nofp\libgcc.a(divdf3.o)
                0x0000000008000bb0                __aeabi_ddiv
 .text          0x000000000800119c       0x84 c:/st/stm32cubeide_1.12.1/stm32cubeide/plugins/com.st.stm32cube.ide.mcu.externaltools.gnu-tools-for-stm32.10.3-2021.10.win32_1.0.200.202301161003/tools/bin/../lib/gcc/arm-none-eabi/10.3.1/thumb/v6-m/nofp\libgcc.a(eqdf2.o)
                0x000000000800119c                __nedf2
                0x000000000800119c                __eqdf2
 .text          0x0000000008001220       0xcc c:/st/stm32cubeide_1.12.1/stm32cubeide/plugins/com.st.stm32cube.ide.mcu.externaltools.gnu-tools-for-stm32.10.3-2021.10.win32_1.0.200.202301161003/tools/bin/../lib/gcc/arm-none-eabi/10.3.1/thumb/v6-m/nofp\libgcc.a(gedf2.o)
                0x0000000008001220                __gedf2
                0x0000000008001220                __gtdf2
 .text          0x00000000080012ec       0xc8 c:/st/stm32cubeide_1.12.1/stm32cubeide/plugins/com.st.stm32cube.ide.mcu.externaltools.gnu-tools-for-stm32.10.3-2021.10.win32_1.0.200.202301161003/tools/bin/../lib/gcc/arm-none-eabi/10.3.1/thumb/v6-m/nofp\libgcc.a(ledf2.o)
                0x00000000080012ec                __ledf2
                0x00000000080012ec                __ltdf2
 .text          0x00000000080013b4      0x4d8 c:/st/stm32cubeide_1.12.1/stm32cubeide/plugins/com.st.stm32cube.ide.mcu.externaltools.gnu-tools-for-stm32.10.3-2021.10.win32_1.0.200.202301161003/tools/bin/../lib/gcc/arm-none-eabi/10.3.1/thumb/v6-m/nofp\libgcc.a(muldf3.o)
                0x00000000080013b4                __aeabi_dmul
 .text          0x000000000800188c      0x724 c:/st/stm32cubeide_1.12.1/stm32cubeide/plugins/com.st.stm32cube.ide.mcu.externaltools.gnu-tools-for-stm32.10.3-2021.10.win32_1.0.200.202301161003/tools/bin/../lib/gcc/arm-none-eabi/10.3.1/thumb/v6-m/nofp\libgcc.a(subdf3.o)
                0x000000000800188c                __aeabi_dsub
 .text          0x0000000008001fb0       0x3c c:/st/stm32cubeide_1.12.1/stm32cubeide/plugins/com.st.stm32cube.ide.mcu.externaltools.gnu-tools-for-stm32.10.3-2021.10.win32_1.0.200.202301161003/tools/bin/../lib/gcc/arm-none-eabi/10.3.1/thumb/v6-m/nofp\libgcc.a(unorddf2.o)
                0x0000000008001fb0                __aeabi_dcmpun
 .text          0x0000000008001fec       0x6c c:/st/stm32cubeide_1.12.1/stm32cubeide/plugins/com.st.stm32cube.ide.mcu.externaltools.gnu-tools-for-stm32.10.3-2021.10.win32_1.0.200.202301161003/tools/bin/../lib/gcc/arm-none-eabi/10.3.1/thumb/v6-m/nofp\libgcc.a(fixdfsi.o)
                0x0000000008001fec                __aeabi_d2iz
 .text          0x0000000008002058       0x60 c:/st/stm32cubeide_1.12.1/stm32cubeide/plugins/com.st.stm32cube.ide.mcu.externaltools.gnu-tools-for-stm32.10.3-2021.10.win32_1.0.200.202301161003/tools/bin/../lib/gcc/arm-none-eabi/10.3.1/thumb/v6-m/nofp\libgcc.a(floatsidf.o)
                0x0000000008002058                __aeabi_i2d
 .text          0x00000000080020b8       0x4c c:/st/stm32cubeide_1.12.1/stm32cubeide/plugins/com.st.stm32cube.ide.mcu.externaltools.gnu-tools-for-stm32.10.3-2021.10.win32_1.0.200.202301161003/tools/bin/../lib/gcc/arm-none-eabi/10.3.1/thumb/v6-m/nofp\libgcc.a(floatunsidf.o)
                0x00000000080020b8                __aeabi_ui2d
 .text          0x0000000008002104       0x3c c:/st/stm32cubeide_1.12.1/stm32cubeide/plugins/com.st.stm32cube.ide.mcu.externaltools.gnu-tools-for-stm32.10.3-2021.10.win32_1.0.200.202301161003/tools/bin/../lib/gcc/arm-none-eabi/10.3.1/thumb/v6-m/nofp\libgcc.a(_clzsi2.o)
                0x0000000008002104                __clzsi2
 *(.text*)
 .text.LL_IOP_GRP1_EnableClock
                0x0000000008002140       0x2c ./Core/Src/button.o
 .text.LL_GPIO_ReadInputPort
                0x000000000800216c       0x14 ./Core/Src/button.o
 .text.buttonInit
                0x0000000008002180       0x42 ./Core/Src/button.o
                0x0000000008002180                buttonInit
 .text.buttonProcess
                0x00000000080021c2       0x84 ./Core/Src/button.o
                0x00000000080021c2                buttonProcess
 *fill*         0x0000000008002246        0x2 
 .text.LL_ADC_SetTriggerFrequencyMode
                0x0000000008002248       0x28 ./Core/Src/lightSensor.o
 .text.LL_ADC_SetSamplingTimeCommonChannels
                0x0000000008002270       0x3a ./Core/Src/lightSensor.o
 *fill*         0x00000000080022aa        0x2 
 .text.LL_ADC_REG_SetSequencerConfigurable
                0x00000000080022ac       0x28 ./Core/Src/lightSensor.o
 .text.LL_ADC_REG_SetSequencerRanks
                0x00000000080022d4       0x40 ./Core/Src/lightSensor.o
 .text.LL_ADC_REG_SetDMATransfer
                0x0000000008002314       0x24 ./Core/Src/lightSensor.o
 .text.LL_ADC_SetChannelSamplingTime
                0x0000000008002338       0x38 ./Core/Src/lightSensor.o
 .text.LL_ADC_SetOverSamplingScope
                0x0000000008002370       0x24 ./Core/Src/lightSensor.o
 .text.LL_ADC_EnableInternalRegulator
                0x0000000008002394       0x28 ./Core/Src/lightSensor.o
 .text.LL_ADC_Enable
                0x00000000080023bc       0x24 ./Core/Src/lightSensor.o
 .text.LL_ADC_REG_StartConversion
                0x00000000080023e0       0x24 ./Core/Src/lightSensor.o
 .text.LL_ADC_REG_StopConversion
                0x0000000008002404       0x24 ./Core/Src/lightSensor.o
 .text.LL_ADC_IsActiveFlag_CCRDY
                0x0000000008002428       0x28 ./Core/Src/lightSensor.o
 .text.LL_ADC_ClearFlag_CCRDY
                0x0000000008002450       0x18 ./Core/Src/lightSensor.o
 .text.LL_DMAMUX_SetRequestID
                0x0000000008002468       0x3c ./Core/Src/lightSensor.o
 .text.LL_DMA_EnableChannel
                0x00000000080024a4       0x40 ./Core/Src/lightSensor.o
 .text.LL_DMA_DisableChannel
                0x00000000080024e4       0x40 ./Core/Src/lightSensor.o
 .text.LL_DMA_ConfigTransfer
                0x0000000008002524       0x4c ./Core/Src/lightSensor.o
 .text.LL_DMA_SetChannelPriorityLevel
                0x0000000008002570       0x4c ./Core/Src/lightSensor.o
 .text.LL_DMA_SetDataLength
                0x00000000080025bc       0x44 ./Core/Src/lightSensor.o
 .text.LL_DMA_SetMemoryAddress
                0x0000000008002600       0x30 ./Core/Src/lightSensor.o
 .text.LL_DMA_SetPeriphAddress
                0x0000000008002630       0x30 ./Core/Src/lightSensor.o
 .text.LL_AHB1_GRP1_EnableClock
                0x0000000008002660       0x2c ./Core/Src/lightSensor.o
 .text.LL_APB2_GRP1_EnableClock
                0x000000000800268c       0x2c ./Core/Src/lightSensor.o
 .text.LL_IOP_GRP1_EnableClock
                0x00000000080026b8       0x2c ./Core/Src/lightSensor.o
 .text.getLightValue
                0x00000000080026e4       0x50 ./Core/Src/lightSensor.o
                0x00000000080026e4                getLightValue
 .text.lightSensorInit
                0x0000000008002734      0x1d4 ./Core/Src/lightSensor.o
                0x0000000008002734                lightSensorInit
 .text.startLightMeasurment
                0x0000000008002908       0x54 ./Core/Src/lightSensor.o
                0x0000000008002908                startLightMeasurment
 .text.reversLeds
                0x000000000800295c       0xc0 ./Core/Src/lightingModule.o
 .text.changeLightIntensive
                0x0000000008002a1c      0x1e4 ./Core/Src/lightingModule.o
 .text.getPreDefColors
                0x0000000008002c00       0xca ./Core/Src/lightingModule.o
 *fill*         0x0000000008002cca        0x2 
 .text.flameBallFrame
                0x0000000008002ccc      0x434 ./Core/Src/lightingModule.o
 .text.rainbowFrame
                0x0000000008003100      0x1aa ./Core/Src/lightingModule.o
                0x0000000008003100                rainbowFrame
 *fill*         0x00000000080032aa        0x2 
 .text.solidFrame
                0x00000000080032ac      0x198 ./Core/Src/lightingModule.o
                0x00000000080032ac                solidFrame
 .text.waveFrame
                0x0000000008003444      0x354 ./Core/Src/lightingModule.o
                0x0000000008003444                waveFrame
 .text.createFrame
                0x0000000008003798       0xaa ./Core/Src/lightingModule.o
 .text.moveFrame
                0x0000000008003842      0x13e ./Core/Src/lightingModule.o
 .text.calcStepFrame
                0x0000000008003980      0x1a0 ./Core/Src/lightingModule.o
 .text.updateFrame
                0x0000000008003b20      0x12e ./Core/Src/lightingModule.o
 .text.checkEqualFrames
                0x0000000008003c4e       0xde ./Core/Src/lightingModule.o
 .text.lightUpdate
                0x0000000008003d2c      0x1d8 ./Core/Src/lightingModule.o
                0x0000000008003d2c                lightUpdate
 .text.__NVIC_SetPriority
                0x0000000008003f04       0xdc ./Core/Src/main.o
 .text.LL_RCC_HSI_Enable
                0x0000000008003fe0       0x1c ./Core/Src/main.o
 .text.LL_RCC_HSI_IsReady
                0x0000000008003ffc       0x28 ./Core/Src/main.o
 .text.LL_RCC_SetSysClkSource
                0x0000000008004024       0x28 ./Core/Src/main.o
 .text.LL_RCC_GetSysClkSource
                0x000000000800404c       0x18 ./Core/Src/main.o
 .text.LL_RCC_SetAHBPrescaler
                0x0000000008004064       0x2c ./Core/Src/main.o
 .text.LL_RCC_SetAPB1Prescaler
                0x0000000008004090       0x2c ./Core/Src/main.o
 .text.LL_APB1_GRP1_EnableClock
                0x00000000080040bc       0x2c ./Core/Src/main.o
 .text.LL_APB2_GRP1_EnableClock
                0x00000000080040e8       0x2c ./Core/Src/main.o
 .text.main     0x0000000008004114      0x134 ./Core/Src/main.o
                0x0000000008004114                main
 .text.SystemClockConfig
                0x0000000008004248       0x4c ./Core/Src/main.o
                0x0000000008004248                SystemClockConfig
 .text.NMI_Handler
                0x0000000008004294        0x6 ./Core/Src/stm32g0xx_it.o
                0x0000000008004294                NMI_Handler
 .text.HardFault_Handler
                0x000000000800429a        0x6 ./Core/Src/stm32g0xx_it.o
                0x000000000800429a                HardFault_Handler
 .text.SVC_Handler
                0x00000000080042a0        0xa ./Core/Src/stm32g0xx_it.o
                0x00000000080042a0                SVC_Handler
 .text.PendSV_Handler
                0x00000000080042aa        0xa ./Core/Src/stm32g0xx_it.o
                0x00000000080042aa                PendSV_Handler
 .text.SysTick_Handler
                0x00000000080042b4        0xa ./Core/Src/stm32g0xx_it.o
                0x00000000080042b4                SysTick_Handler
 .text._getpid  0x00000000080042be        0xc ./Core/Src/syscalls.o
                0x00000000080042be                _getpid
 .text._kill    0x00000000080042ca       0x20 ./Core/Src/syscalls.o
                0x00000000080042ca                _kill
 .text._exit    0x00000000080042ea       0x18 ./Core/Src/syscalls.o
                0x00000000080042ea                _exit
 .text._read    0x0000000008004302       0x3a ./Core/Src/syscalls.o
                0x0000000008004302                _read
 .text._write   0x000000000800433c       0x38 ./Core/Src/syscalls.o
                0x000000000800433c                _write
 .text._close   0x0000000008004374       0x14 ./Core/Src/syscalls.o
                0x0000000008004374                _close
 .text._fstat   0x0000000008004388       0x1c ./Core/Src/syscalls.o
                0x0000000008004388                _fstat
 .text._isatty  0x00000000080043a4       0x12 ./Core/Src/syscalls.o
                0x00000000080043a4                _isatty
 .text._lseek   0x00000000080043b6       0x16 ./Core/Src/syscalls.o
                0x00000000080043b6                _lseek
 .text._sbrk    0x00000000080043cc       0x6c ./Core/Src/sysmem.o
                0x00000000080043cc                _sbrk
 .text.SystemInit
                0x0000000008004438        0xa ./Core/Src/system_stm32g0xx.o
                0x0000000008004438                SystemInit
 *fill*         0x0000000008004442        0x2 
 .text.LL_APB1_GRP1_EnableClock
                0x0000000008004444       0x2c ./Core/Src/uartDebug.o
 .text.LL_IOP_GRP1_EnableClock
                0x0000000008004470       0x2c ./Core/Src/uartDebug.o
 .text.LL_USART_Enable
                0x000000000800449c       0x1c ./Core/Src/uartDebug.o
 .text.LL_USART_ConfigAsyncMode
                0x00000000080044b8       0x30 ./Core/Src/uartDebug.o
 .text.LL_USART_IsActiveFlag_TXE_TXFNF
                0x00000000080044e8       0x22 ./Core/Src/uartDebug.o
 .text.LL_USART_IsActiveFlag_TEACK
                0x000000000800450a       0x28 ./Core/Src/uartDebug.o
 .text.LL_USART_IsActiveFlag_REACK
                0x0000000008004532       0x28 ./Core/Src/uartDebug.o
 .text.LL_USART_TransmitData8
                0x000000000800455a       0x1e ./Core/Src/uartDebug.o
 .text.debugTx  0x0000000008004578       0x44 ./Core/Src/uartDebug.o
                0x0000000008004578                debugTx
 .text.debugInit
                0x00000000080045bc      0x110 ./Core/Src/uartDebug.o
                0x00000000080045bc                debugInit
 .text.__NVIC_EnableIRQ
                0x00000000080046cc       0x34 ./Core/Src/ws2812b_driver.o
 .text.__NVIC_DisableIRQ
                0x0000000008004700       0x44 ./Core/Src/ws2812b_driver.o
 .text.__NVIC_SetPriority
                0x0000000008004744       0xdc ./Core/Src/ws2812b_driver.o
 .text.LL_DMAMUX_SetRequestID
                0x0000000008004820       0x3c ./Core/Src/ws2812b_driver.o
 .text.LL_DMA_EnableChannel
                0x000000000800485c       0x40 ./Core/Src/ws2812b_driver.o
 .text.LL_DMA_DisableChannel
                0x000000000800489c       0x40 ./Core/Src/ws2812b_driver.o
 .text.LL_DMA_SetDataTransferDirection
                0x00000000080048dc       0x4c ./Core/Src/ws2812b_driver.o
 .text.LL_DMA_SetMode
                0x0000000008004928       0x48 ./Core/Src/ws2812b_driver.o
 .text.LL_DMA_SetPeriphIncMode
                0x0000000008004970       0x48 ./Core/Src/ws2812b_driver.o
 .text.LL_DMA_SetMemoryIncMode
                0x00000000080049b8       0x48 ./Core/Src/ws2812b_driver.o
 .text.LL_DMA_SetPeriphSize
                0x0000000008004a00       0x4c ./Core/Src/ws2812b_driver.o
 .text.LL_DMA_SetMemorySize
                0x0000000008004a4c       0x4c ./Core/Src/ws2812b_driver.o
 .text.LL_DMA_SetChannelPriorityLevel
                0x0000000008004a98       0x4c ./Core/Src/ws2812b_driver.o
 .text.LL_DMA_SetDataLength
                0x0000000008004ae4       0x44 ./Core/Src/ws2812b_driver.o
 .text.LL_DMA_SetMemoryAddress
                0x0000000008004b28       0x30 ./Core/Src/ws2812b_driver.o
 .text.LL_DMA_SetPeriphAddress
                0x0000000008004b58       0x30 ./Core/Src/ws2812b_driver.o
 .text.LL_DMA_SetPeriphRequest
                0x0000000008004b88       0x58 ./Core/Src/ws2812b_driver.o
 .text.LL_DMA_IsActiveFlag_TC1
                0x0000000008004be0       0x22 ./Core/Src/ws2812b_driver.o
 .text.LL_DMA_ClearFlag_TC1
                0x0000000008004c02       0x16 ./Core/Src/ws2812b_driver.o
 .text.LL_DMA_EnableIT_TC
                0x0000000008004c18       0x40 ./Core/Src/ws2812b_driver.o
 .text.LL_AHB1_GRP1_EnableClock
                0x0000000008004c58       0x2c ./Core/Src/ws2812b_driver.o
 .text.LL_APB1_GRP1_EnableClock
                0x0000000008004c84       0x2c ./Core/Src/ws2812b_driver.o
 .text.LL_IOP_GRP1_EnableClock
                0x0000000008004cb0       0x2c ./Core/Src/ws2812b_driver.o
 .text.LL_TIM_EnableCounter
                0x0000000008004cdc       0x1c ./Core/Src/ws2812b_driver.o
 .text.LL_TIM_DisableCounter
                0x0000000008004cf8       0x1e ./Core/Src/ws2812b_driver.o
 .text.LL_TIM_SetCounterMode
                0x0000000008004d16       0x24 ./Core/Src/ws2812b_driver.o
 .text.LL_TIM_SetPrescaler
                0x0000000008004d3a       0x18 ./Core/Src/ws2812b_driver.o
 .text.LL_TIM_SetAutoReload
                0x0000000008004d52       0x18 ./Core/Src/ws2812b_driver.o
 .text.LL_TIM_CC_EnableChannel
                0x0000000008004d6a       0x1e ./Core/Src/ws2812b_driver.o
 .text.LL_TIM_OC_SetMode
                0x0000000008004d88       0xc4 ./Core/Src/ws2812b_driver.o
 .text.LL_TIM_OC_SetPolarity
                0x0000000008004e4c       0xac ./Core/Src/ws2812b_driver.o
 .text.LL_TIM_OC_SetIdleState
                0x0000000008004ef8       0xac ./Core/Src/ws2812b_driver.o
 .text.LL_TIM_EnableDMAReq_CC2
                0x0000000008004fa4       0x1e ./Core/Src/ws2812b_driver.o
 *fill*         0x0000000008004fc2        0x2 
 .text.DMA1_Channel1_IRQHandler
                0x0000000008004fc4       0x38 ./Core/Src/ws2812b_driver.o
                0x0000000008004fc4                DMA1_Channel1_IRQHandler
 .text.initLight
                0x0000000008004ffc      0x170 ./Core/Src/ws2812b_driver.o
                0x0000000008004ffc                initLight
 .text.setLight
                0x000000000800516c      0x1b4 ./Core/Src/ws2812b_driver.o
                0x000000000800516c                setLight
 .text.Reset_Handler
                0x0000000008005320       0x50 ./Core/Startup/startup_stm32g030f6px.o
                0x0000000008005320                Reset_Handler
 .text.Default_Handler
                0x0000000008005370        0x2 ./Core/Startup/startup_stm32g030f6px.o
                0x0000000008005370                TIM1_CC_IRQHandler
                0x0000000008005370                I2C1_IRQHandler
                0x0000000008005370                RTC_TAMP_IRQHandler
                0x0000000008005370                SPI1_IRQHandler
                0x0000000008005370                DMA1_Ch4_5_DMAMUX1_OVR_IRQHandler
                0x0000000008005370                EXTI2_3_IRQHandler
                0x0000000008005370                ADC1_IRQHandler
                0x0000000008005370                I2C2_IRQHandler
                0x0000000008005370                TIM17_IRQHandler
                0x0000000008005370                TIM16_IRQHandler
                0x0000000008005370                TIM3_IRQHandler
                0x0000000008005370                EXTI4_15_IRQHandler
                0x0000000008005370                RCC_IRQHandler
                0x0000000008005370                Default_Handler
                0x0000000008005370                TIM14_IRQHandler
                0x0000000008005370                EXTI0_1_IRQHandler
                0x0000000008005370                SPI2_IRQHandler
                0x0000000008005370                WWDG_IRQHandler
                0x0000000008005370                DMA1_Channel2_3_IRQHandler
                0x0000000008005370                USART2_IRQHandler
                0x0000000008005370                FLASH_IRQHandler
                0x0000000008005370                USART1_IRQHandler
                0x0000000008005370                TIM1_BRK_UP_TRG_COM_IRQHandler
 .text.LL_ADC_REG_GetSequencerConfigurable
                0x0000000008005372       0x1a ./Drivers/STM32G0xx_HAL_Driver/stm32g0xx_ll_adc.o
 .text.LL_ADC_REG_SetSequencerLength
                0x000000000800538c       0x1e ./Drivers/STM32G0xx_HAL_Driver/stm32g0xx_ll_adc.o
 .text.LL_ADC_IsEnabled
                0x00000000080053aa       0x22 ./Drivers/STM32G0xx_HAL_Driver/stm32g0xx_ll_adc.o
 .text.LL_ADC_Init
                0x00000000080053cc       0x6c ./Drivers/STM32G0xx_HAL_Driver/stm32g0xx_ll_adc.o
                0x00000000080053cc                LL_ADC_Init
 .text.LL_ADC_REG_Init
                0x0000000008005438       0xc8 ./Drivers/STM32G0xx_HAL_Driver/stm32g0xx_ll_adc.o
                0x0000000008005438                LL_ADC_REG_Init
 .text.LL_GPIO_SetPinMode
                0x0000000008005500       0x38 ./Drivers/STM32G0xx_HAL_Driver/stm32g0xx_ll_gpio.o
 .text.LL_GPIO_SetPinOutputType
                0x0000000008005538       0x2a ./Drivers/STM32G0xx_HAL_Driver/stm32g0xx_ll_gpio.o
 .text.LL_GPIO_SetPinSpeed
                0x0000000008005562       0x38 ./Drivers/STM32G0xx_HAL_Driver/stm32g0xx_ll_gpio.o
 .text.LL_GPIO_SetPinPull
                0x000000000800559a       0x38 ./Drivers/STM32G0xx_HAL_Driver/stm32g0xx_ll_gpio.o
 .text.LL_GPIO_SetAFPin_0_7
                0x00000000080055d2       0x46 ./Drivers/STM32G0xx_HAL_Driver/stm32g0xx_ll_gpio.o
 .text.LL_GPIO_SetAFPin_8_15
                0x0000000008005618       0x5a ./Drivers/STM32G0xx_HAL_Driver/stm32g0xx_ll_gpio.o
 .text.LL_GPIO_Init
                0x0000000008005672       0xb6 ./Drivers/STM32G0xx_HAL_Driver/stm32g0xx_ll_gpio.o
                0x0000000008005672                LL_GPIO_Init
 .text.LL_RCC_HSI_IsReady
                0x0000000008005728       0x28 ./Drivers/STM32G0xx_HAL_Driver/stm32g0xx_ll_rcc.o
 .text.LL_RCC_LSE_IsReady
                0x0000000008005750       0x20 ./Drivers/STM32G0xx_HAL_Driver/stm32g0xx_ll_rcc.o
 .text.LL_RCC_GetSysClkSource
                0x0000000008005770       0x18 ./Drivers/STM32G0xx_HAL_Driver/stm32g0xx_ll_rcc.o
 .text.LL_RCC_GetAHBPrescaler
                0x0000000008005788       0x18 ./Drivers/STM32G0xx_HAL_Driver/stm32g0xx_ll_rcc.o
 .text.LL_RCC_GetAPB1Prescaler
                0x00000000080057a0       0x18 ./Drivers/STM32G0xx_HAL_Driver/stm32g0xx_ll_rcc.o
 .text.LL_RCC_GetUSARTClockSource
                0x00000000080057b8       0x24 ./Drivers/STM32G0xx_HAL_Driver/stm32g0xx_ll_rcc.o
 .text.LL_RCC_PLL_GetN
                0x00000000080057dc       0x18 ./Drivers/STM32G0xx_HAL_Driver/stm32g0xx_ll_rcc.o
 .text.LL_RCC_PLL_GetR
                0x00000000080057f4       0x18 ./Drivers/STM32G0xx_HAL_Driver/stm32g0xx_ll_rcc.o
 .text.LL_RCC_PLL_GetMainSource
                0x000000000800580c       0x18 ./Drivers/STM32G0xx_HAL_Driver/stm32g0xx_ll_rcc.o
 .text.LL_RCC_PLL_GetDivider
                0x0000000008005824       0x18 ./Drivers/STM32G0xx_HAL_Driver/stm32g0xx_ll_rcc.o
 .text.LL_RCC_GetSystemClocksFreq
                0x000000000800583c       0x3a ./Drivers/STM32G0xx_HAL_Driver/stm32g0xx_ll_rcc.o
                0x000000000800583c                LL_RCC_GetSystemClocksFreq
 *fill*         0x0000000008005876        0x2 
 .text.LL_RCC_GetUSARTClockFreq
                0x0000000008005878       0x9c ./Drivers/STM32G0xx_HAL_Driver/stm32g0xx_ll_rcc.o
                0x0000000008005878                LL_RCC_GetUSARTClockFreq
 .text.RCC_GetSystemClockFreq
                0x0000000008005914       0x5c ./Drivers/STM32G0xx_HAL_Driver/stm32g0xx_ll_rcc.o
 .text.RCC_GetHCLKClockFreq
                0x0000000008005970       0x30 ./Drivers/STM32G0xx_HAL_Driver/stm32g0xx_ll_rcc.o
 .text.RCC_GetPCLK1ClockFreq
                0x00000000080059a0       0x2c ./Drivers/STM32G0xx_HAL_Driver/stm32g0xx_ll_rcc.o
 .text.RCC_PLL_GetFreqDomain_SYS
                0x00000000080059cc       0x74 ./Drivers/STM32G0xx_HAL_Driver/stm32g0xx_ll_rcc.o
 .text.LL_USART_IsEnabled
                0x0000000008005a40       0x22 ./Drivers/STM32G0xx_HAL_Driver/stm32g0xx_ll_usart.o
 .text.LL_USART_SetPrescaler
                0x0000000008005a62       0x24 ./Drivers/STM32G0xx_HAL_Driver/stm32g0xx_ll_usart.o
 *fill*         0x0000000008005a86        0x2 
 .text.LL_USART_SetStopBitsLength
                0x0000000008005a88       0x28 ./Drivers/STM32G0xx_HAL_Driver/stm32g0xx_ll_usart.o
 .text.LL_USART_SetHWFlowCtrl
                0x0000000008005ab0       0x28 ./Drivers/STM32G0xx_HAL_Driver/stm32g0xx_ll_usart.o
 .text.LL_USART_SetBaudRate
                0x0000000008005ad8       0xb4 ./Drivers/STM32G0xx_HAL_Driver/stm32g0xx_ll_usart.o
 .text.LL_USART_Init
                0x0000000008005b8c       0xe4 ./Drivers/STM32G0xx_HAL_Driver/stm32g0xx_ll_usart.o
                0x0000000008005b8c                LL_USART_Init
 .text.LL_InitTick
                0x0000000008005c70       0x34 ./Drivers/STM32G0xx_HAL_Driver/stm32g0xx_ll_utils.o
 .text.LL_Init1msTick
                0x0000000008005ca4       0x1e ./Drivers/STM32G0xx_HAL_Driver/stm32g0xx_ll_utils.o
                0x0000000008005ca4                LL_Init1msTick
 *fill*         0x0000000008005cc2        0x2 
 .text.LL_mDelay
                0x0000000008005cc4       0x48 ./Drivers/STM32G0xx_HAL_Driver/stm32g0xx_ll_utils.o
                0x0000000008005cc4                LL_mDelay
 .text.LL_SetSystemCoreClock
                0x0000000008005d0c       0x1c ./Drivers/STM32G0xx_HAL_Driver/stm32g0xx_ll_utils.o
                0x0000000008005d0c                LL_SetSystemCoreClock
 .text.__errno  0x0000000008005d28        0xc c:/st/stm32cubeide_1.12.1/stm32cubeide/plugins/com.st.stm32cube.ide.mcu.externaltools.gnu-tools-for-stm32.10.3-2021.10.win32_1.0.200.202301161003/tools/bin/../lib/gcc/arm-none-eabi/10.3.1/../../../../arm-none-eabi/lib/thumb/v6-m/nofp\libc_nano.a(lib_a-errno.o)
                0x0000000008005d28                __errno
 .text.__libc_init_array
                0x0000000008005d34       0x48 c:/st/stm32cubeide_1.12.1/stm32cubeide/plugins/com.st.stm32cube.ide.mcu.externaltools.gnu-tools-for-stm32.10.3-2021.10.win32_1.0.200.202301161003/tools/bin/../lib/gcc/arm-none-eabi/10.3.1/../../../../arm-none-eabi/lib/thumb/v6-m/nofp\libc_nano.a(lib_a-init.o)
                0x0000000008005d34                __libc_init_array
 .text.memcpy   0x0000000008005d7c       0x12 c:/st/stm32cubeide_1.12.1/stm32cubeide/plugins/com.st.stm32cube.ide.mcu.externaltools.gnu-tools-for-stm32.10.3-2021.10.win32_1.0.200.202301161003/tools/bin/../lib/gcc/arm-none-eabi/10.3.1/../../../../arm-none-eabi/lib/thumb/v6-m/nofp\libc_nano.a(lib_a-memcpy-stub.o)
                0x0000000008005d7c                memcpy
 .text.memset   0x0000000008005d8e       0x10 c:/st/stm32cubeide_1.12.1/stm32cubeide/plugins/com.st.stm32cube.ide.mcu.externaltools.gnu-tools-for-stm32.10.3-2021.10.win32_1.0.200.202301161003/tools/bin/../lib/gcc/arm-none-eabi/10.3.1/../../../../arm-none-eabi/lib/thumb/v6-m/nofp\libc_nano.a(lib_a-memset.o)
                0x0000000008005d8e                memset
 .text.__cvt    0x0000000008005d9e       0xc6 c:/st/stm32cubeide_1.12.1/stm32cubeide/plugins/com.st.stm32cube.ide.mcu.externaltools.gnu-tools-for-stm32.10.3-2021.10.win32_1.0.200.202301161003/tools/bin/../lib/gcc/arm-none-eabi/10.3.1/../../../../arm-none-eabi/lib/thumb/v6-m/nofp\libc_nano.a(lib_a-nano-vfprintf_float.o)
                0x0000000008005d9e                __cvt
 .text.__exponent
                0x0000000008005e64       0x8e c:/st/stm32cubeide_1.12.1/stm32cubeide/plugins/com.st.stm32cube.ide.mcu.externaltools.gnu-tools-for-stm32.10.3-2021.10.win32_1.0.200.202301161003/tools/bin/../lib/gcc/arm-none-eabi/10.3.1/../../../../arm-none-eabi/lib/thumb/v6-m/nofp\libc_nano.a(lib_a-nano-vfprintf_float.o)
                0x0000000008005e64                __exponent
 *fill*         0x0000000008005ef2        0x2 
 .text._printf_float
                0x0000000008005ef4      0x484 c:/st/stm32cubeide_1.12.1/stm32cubeide/plugins/com.st.stm32cube.ide.mcu.externaltools.gnu-tools-for-stm32.10.3-2021.10.win32_1.0.200.202301161003/tools/bin/../lib/gcc/arm-none-eabi/10.3.1/../../../../arm-none-eabi/lib/thumb/v6-m/nofp\libc_nano.a(lib_a-nano-vfprintf_float.o)
                0x0000000008005ef4                _printf_float
 .text._printf_common
                0x0000000008006378       0xde c:/st/stm32cubeide_1.12.1/stm32cubeide/plugins/com.st.stm32cube.ide.mcu.externaltools.gnu-tools-for-stm32.10.3-2021.10.win32_1.0.200.202301161003/tools/bin/../lib/gcc/arm-none-eabi/10.3.1/../../../../arm-none-eabi/lib/thumb/v6-m/nofp\libc_nano.a(lib_a-nano-vfprintf_i.o)
                0x0000000008006378                _printf_common
 *fill*         0x0000000008006456        0x2 
 .text._printf_i
                0x0000000008006458      0x224 c:/st/stm32cubeide_1.12.1/stm32cubeide/plugins/com.st.stm32cube.ide.mcu.externaltools.gnu-tools-for-stm32.10.3-2021.10.win32_1.0.200.202301161003/tools/bin/../lib/gcc/arm-none-eabi/10.3.1/../../../../arm-none-eabi/lib/thumb/v6-m/nofp\libc_nano.a(lib_a-nano-vfprintf_i.o)
                0x0000000008006458                _printf_i
 .text.rand     0x000000000800667c       0x7c c:/st/stm32cubeide_1.12.1/stm32cubeide/plugins/com.st.stm32cube.ide.mcu.externaltools.gnu-tools-for-stm32.10.3-2021.10.win32_1.0.200.202301161003/tools/bin/../lib/gcc/arm-none-eabi/10.3.1/../../../../arm-none-eabi/lib/thumb/v6-m/nofp\libc_nano.a(lib_a-rand.o)
                0x000000000800667c                rand
 .text.sprintf  0x00000000080066f8       0x40 c:/st/stm32cubeide_1.12.1/stm32cubeide/plugins/com.st.stm32cube.ide.mcu.externaltools.gnu-tools-for-stm32.10.3-2021.10.win32_1.0.200.202301161003/tools/bin/../lib/gcc/arm-none-eabi/10.3.1/../../../../arm-none-eabi/lib/thumb/v6-m/nofp\libc_nano.a(lib_a-sprintf.o)
                0x00000000080066f8                siprintf
                0x00000000080066f8                sprintf
 .text.__assert_func
                0x0000000008006738       0x3c c:/st/stm32cubeide_1.12.1/stm32cubeide/plugins/com.st.stm32cube.ide.mcu.externaltools.gnu-tools-for-stm32.10.3-2021.10.win32_1.0.200.202301161003/tools/bin/../lib/gcc/arm-none-eabi/10.3.1/../../../../arm-none-eabi/lib/thumb/v6-m/nofp\libc_nano.a(lib_a-assert.o)
                0x0000000008006738                __assert_func
 .text.quorem   0x0000000008006774      0x116 c:/st/stm32cubeide_1.12.1/stm32cubeide/plugins/com.st.stm32cube.ide.mcu.externaltools.gnu-tools-for-stm32.10.3-2021.10.win32_1.0.200.202301161003/tools/bin/../lib/gcc/arm-none-eabi/10.3.1/../../../../arm-none-eabi/lib/thumb/v6-m/nofp\libc_nano.a(lib_a-dtoa.o)
 *fill*         0x000000000800688a        0x2 
 .text._dtoa_r  0x000000000800688c      0xc34 c:/st/stm32cubeide_1.12.1/stm32cubeide/plugins/com.st.stm32cube.ide.mcu.externaltools.gnu-tools-for-stm32.10.3-2021.10.win32_1.0.200.202301161003/tools/bin/../lib/gcc/arm-none-eabi/10.3.1/../../../../arm-none-eabi/lib/thumb/v6-m/nofp\libc_nano.a(lib_a-dtoa.o)
                0x000000000800688c                _dtoa_r
 .text.fprintf  0x00000000080074c0       0x20 c:/st/stm32cubeide_1.12.1/stm32cubeide/plugins/com.st.stm32cube.ide.mcu.externaltools.gnu-tools-for-stm32.10.3-2021.10.win32_1.0.200.202301161003/tools/bin/../lib/gcc/arm-none-eabi/10.3.1/../../../../arm-none-eabi/lib/thumb/v6-m/nofp\libc_nano.a(lib_a-fprintf.o)
                0x00000000080074c0                fiprintf
                0x00000000080074c0                fprintf
 .text._localeconv_r
                0x00000000080074e0        0x8 c:/st/stm32cubeide_1.12.1/stm32cubeide/plugins/com.st.stm32cube.ide.mcu.externaltools.gnu-tools-for-stm32.10.3-2021.10.win32_1.0.200.202301161003/tools/bin/../lib/gcc/arm-none-eabi/10.3.1/../../../../arm-none-eabi/lib/thumb/v6-m/nofp\libc_nano.a(lib_a-localeconv.o)
                0x00000000080074e0                _localeconv_r
 .text.malloc   0x00000000080074e8       0x14 c:/st/stm32cubeide_1.12.1/stm32cubeide/plugins/com.st.stm32cube.ide.mcu.externaltools.gnu-tools-for-stm32.10.3-2021.10.win32_1.0.200.202301161003/tools/bin/../lib/gcc/arm-none-eabi/10.3.1/../../../../arm-none-eabi/lib/thumb/v6-m/nofp\libc_nano.a(lib_a-malloc.o)
                0x00000000080074e8                malloc
 .text.memchr   0x00000000080074fc       0x16 c:/st/stm32cubeide_1.12.1/stm32cubeide/plugins/com.st.stm32cube.ide.mcu.externaltools.gnu-tools-for-stm32.10.3-2021.10.win32_1.0.200.202301161003/tools/bin/../lib/gcc/arm-none-eabi/10.3.1/../../../../arm-none-eabi/lib/thumb/v6-m/nofp\libc_nano.a(lib_a-memchr-stub.o)
                0x00000000080074fc                memchr
 *fill*         0x0000000008007512        0x2 
 .text._Balloc  0x0000000008007514       0x88 c:/st/stm32cubeide_1.12.1/stm32cubeide/plugins/com.st.stm32cube.ide.mcu.externaltools.gnu-tools-for-stm32.10.3-2021.10.win32_1.0.200.202301161003/tools/bin/../lib/gcc/arm-none-eabi/10.3.1/../../../../arm-none-eabi/lib/thumb/v6-m/nofp\libc_nano.a(lib_a-mprec.o)
                0x0000000008007514                _Balloc
 .text._Bfree   0x000000000800759c       0x48 c:/st/stm32cubeide_1.12.1/stm32cubeide/plugins/com.st.stm32cube.ide.mcu.externaltools.gnu-tools-for-stm32.10.3-2021.10.win32_1.0.200.202301161003/tools/bin/../lib/gcc/arm-none-eabi/10.3.1/../../../../arm-none-eabi/lib/thumb/v6-m/nofp\libc_nano.a(lib_a-mprec.o)
                0x000000000800759c                _Bfree
 .text.__multadd
                0x00000000080075e4       0x88 c:/st/stm32cubeide_1.12.1/stm32cubeide/plugins/com.st.stm32cube.ide.mcu.externaltools.gnu-tools-for-stm32.10.3-2021.10.win32_1.0.200.202301161003/tools/bin/../lib/gcc/arm-none-eabi/10.3.1/../../../../arm-none-eabi/lib/thumb/v6-m/nofp\libc_nano.a(lib_a-mprec.o)
                0x00000000080075e4                __multadd
 .text.__hi0bits
                0x000000000800766c       0x34 c:/st/stm32cubeide_1.12.1/stm32cubeide/plugins/com.st.stm32cube.ide.mcu.externaltools.gnu-tools-for-stm32.10.3-2021.10.win32_1.0.200.202301161003/tools/bin/../lib/gcc/arm-none-eabi/10.3.1/../../../../arm-none-eabi/lib/thumb/v6-m/nofp\libc_nano.a(lib_a-mprec.o)
                0x000000000800766c                __hi0bits
 .text.__lo0bits
                0x00000000080076a0       0x5c c:/st/stm32cubeide_1.12.1/stm32cubeide/plugins/com.st.stm32cube.ide.mcu.externaltools.gnu-tools-for-stm32.10.3-2021.10.win32_1.0.200.202301161003/tools/bin/../lib/gcc/arm-none-eabi/10.3.1/../../../../arm-none-eabi/lib/thumb/v6-m/nofp\libc_nano.a(lib_a-mprec.o)
                0x00000000080076a0                __lo0bits
 .text.__i2b    0x00000000080076fc       0x2c c:/st/stm32cubeide_1.12.1/stm32cubeide/plugins/com.st.stm32cube.ide.mcu.externaltools.gnu-tools-for-stm32.10.3-2021.10.win32_1.0.200.202301161003/tools/bin/../lib/gcc/arm-none-eabi/10.3.1/../../../../arm-none-eabi/lib/thumb/v6-m/nofp\libc_nano.a(lib_a-mprec.o)
                0x00000000080076fc                __i2b
 .text.__multiply
                0x0000000008007728      0x160 c:/st/stm32cubeide_1.12.1/stm32cubeide/plugins/com.st.stm32cube.ide.mcu.externaltools.gnu-tools-for-stm32.10.3-2021.10.win32_1.0.200.202301161003/tools/bin/../lib/gcc/arm-none-eabi/10.3.1/../../../../arm-none-eabi/lib/thumb/v6-m/nofp\libc_nano.a(lib_a-mprec.o)
                0x0000000008007728                __multiply
 .text.__pow5mult
                0x0000000008007888       0xb8 c:/st/stm32cubeide_1.12.1/stm32cubeide/plugins/com.st.stm32cube.ide.mcu.externaltools.gnu-tools-for-stm32.10.3-2021.10.win32_1.0.200.202301161003/tools/bin/../lib/gcc/arm-none-eabi/10.3.1/../../../../arm-none-eabi/lib/thumb/v6-m/nofp\libc_nano.a(lib_a-mprec.o)
                0x0000000008007888                __pow5mult
 .text.__lshift
                0x0000000008007940       0xdc c:/st/stm32cubeide_1.12.1/stm32cubeide/plugins/com.st.stm32cube.ide.mcu.externaltools.gnu-tools-for-stm32.10.3-2021.10.win32_1.0.200.202301161003/tools/bin/../lib/gcc/arm-none-eabi/10.3.1/../../../../arm-none-eabi/lib/thumb/v6-m/nofp\libc_nano.a(lib_a-mprec.o)
                0x0000000008007940                __lshift
 .text.__mcmp   0x0000000008007a1c       0x36 c:/st/stm32cubeide_1.12.1/stm32cubeide/plugins/com.st.stm32cube.ide.mcu.externaltools.gnu-tools-for-stm32.10.3-2021.10.win32_1.0.200.202301161003/tools/bin/../lib/gcc/arm-none-eabi/10.3.1/../../../../arm-none-eabi/lib/thumb/v6-m/nofp\libc_nano.a(lib_a-mprec.o)
                0x0000000008007a1c                __mcmp
 *fill*         0x0000000008007a52        0x2 
 .text.__mdiff  0x0000000008007a54      0x130 c:/st/stm32cubeide_1.12.1/stm32cubeide/plugins/com.st.stm32cube.ide.mcu.externaltools.gnu-tools-for-stm32.10.3-2021.10.win32_1.0.200.202301161003/tools/bin/../lib/gcc/arm-none-eabi/10.3.1/../../../../arm-none-eabi/lib/thumb/v6-m/nofp\libc_nano.a(lib_a-mprec.o)
                0x0000000008007a54                __mdiff
 .text.__d2b    0x0000000008007b84       0xc8 c:/st/stm32cubeide_1.12.1/stm32cubeide/plugins/com.st.stm32cube.ide.mcu.externaltools.gnu-tools-for-stm32.10.3-2021.10.win32_1.0.200.202301161003/tools/bin/../lib/gcc/arm-none-eabi/10.3.1/../../../../arm-none-eabi/lib/thumb/v6-m/nofp\libc_nano.a(lib_a-mprec.o)
                0x0000000008007b84                __d2b
 .text._calloc_r
                0x0000000008007c4c       0x58 c:/st/stm32cubeide_1.12.1/stm32cubeide/plugins/com.st.stm32cube.ide.mcu.externaltools.gnu-tools-for-stm32.10.3-2021.10.win32_1.0.200.202301161003/tools/bin/../lib/gcc/arm-none-eabi/10.3.1/../../../../arm-none-eabi/lib/thumb/v6-m/nofp\libc_nano.a(lib_a-nano-callocr.o)
                0x0000000008007c4c                _calloc_r
 .text._free_r  0x0000000008007ca4       0x94 c:/st/stm32cubeide_1.12.1/stm32cubeide/plugins/com.st.stm32cube.ide.mcu.externaltools.gnu-tools-for-stm32.10.3-2021.10.win32_1.0.200.202301161003/tools/bin/../lib/gcc/arm-none-eabi/10.3.1/../../../../arm-none-eabi/lib/thumb/v6-m/nofp\libc_nano.a(lib_a-nano-freer.o)
                0x0000000008007ca4                _free_r
 .text.sbrk_aligned
                0x0000000008007d38       0x44 c:/st/stm32cubeide_1.12.1/stm32cubeide/plugins/com.st.stm32cube.ide.mcu.externaltools.gnu-tools-for-stm32.10.3-2021.10.win32_1.0.200.202301161003/tools/bin/../lib/gcc/arm-none-eabi/10.3.1/../../../../arm-none-eabi/lib/thumb/v6-m/nofp\libc_nano.a(lib_a-nano-mallocr.o)
 .text._malloc_r
                0x0000000008007d7c       0xec c:/st/stm32cubeide_1.12.1/stm32cubeide/plugins/com.st.stm32cube.ide.mcu.externaltools.gnu-tools-for-stm32.10.3-2021.10.win32_1.0.200.202301161003/tools/bin/../lib/gcc/arm-none-eabi/10.3.1/../../../../arm-none-eabi/lib/thumb/v6-m/nofp\libc_nano.a(lib_a-nano-mallocr.o)
                0x0000000008007d7c                _malloc_r
 .text.__ssputs_r
                0x0000000008007e68       0xc4 c:/st/stm32cubeide_1.12.1/stm32cubeide/plugins/com.st.stm32cube.ide.mcu.externaltools.gnu-tools-for-stm32.10.3-2021.10.win32_1.0.200.202301161003/tools/bin/../lib/gcc/arm-none-eabi/10.3.1/../../../../arm-none-eabi/lib/thumb/v6-m/nofp\libc_nano.a(lib_a-nano-svfprintf.o)
                0x0000000008007e68                __ssputs_r
 .text._svfprintf_r
                0x0000000008007f2c      0x200 c:/st/stm32cubeide_1.12.1/stm32cubeide/plugins/com.st.stm32cube.ide.mcu.externaltools.gnu-tools-for-stm32.10.3-2021.10.win32_1.0.200.202301161003/tools/bin/../lib/gcc/arm-none-eabi/10.3.1/../../../../arm-none-eabi/lib/thumb/v6-m/nofp\libc_nano.a(lib_a-nano-svfprintf.o)
                0x0000000008007f2c                _svfiprintf_r
                0x0000000008007f2c                _svfprintf_r
 .text.__sfputc_r
                0x000000000800812c       0x2a c:/st/stm32cubeide_1.12.1/stm32cubeide/plugins/com.st.stm32cube.ide.mcu.externaltools.gnu-tools-for-stm32.10.3-2021.10.win32_1.0.200.202301161003/tools/bin/../lib/gcc/arm-none-eabi/10.3.1/../../../../arm-none-eabi/lib/thumb/v6-m/nofp\libc_nano.a(lib_a-nano-vfprintf.o)
 .text.__sfputs_r
                0x0000000008008156       0x24 c:/st/stm32cubeide_1.12.1/stm32cubeide/plugins/com.st.stm32cube.ide.mcu.externaltools.gnu-tools-for-stm32.10.3-2021.10.win32_1.0.200.202301161003/tools/bin/../lib/gcc/arm-none-eabi/10.3.1/../../../../arm-none-eabi/lib/thumb/v6-m/nofp\libc_nano.a(lib_a-nano-vfprintf.o)
                0x0000000008008156                __sfputs_r
 *fill*         0x000000000800817a        0x2 
 .text._vfprintf_r
                0x000000000800817c      0x274 c:/st/stm32cubeide_1.12.1/stm32cubeide/plugins/com.st.stm32cube.ide.mcu.externaltools.gnu-tools-for-stm32.10.3-2021.10.win32_1.0.200.202301161003/tools/bin/../lib/gcc/arm-none-eabi/10.3.1/../../../../arm-none-eabi/lib/thumb/v6-m/nofp\libc_nano.a(lib_a-nano-vfprintf.o)
                0x000000000800817c                _vfprintf_r
                0x000000000800817c                _vfiprintf_r
 .text._sbrk_r  0x00000000080083f0       0x24 c:/st/stm32cubeide_1.12.1/stm32cubeide/plugins/com.st.stm32cube.ide.mcu.externaltools.gnu-tools-for-stm32.10.3-2021.10.win32_1.0.200.202301161003/tools/bin/../lib/gcc/arm-none-eabi/10.3.1/../../../../arm-none-eabi/lib/thumb/v6-m/nofp\libc_nano.a(lib_a-sbrkr.o)
                0x00000000080083f0                _sbrk_r
 .text.__swbuf_r
                0x0000000008008414       0xac c:/st/stm32cubeide_1.12.1/stm32cubeide/plugins/com.st.stm32cube.ide.mcu.externaltools.gnu-tools-for-stm32.10.3-2021.10.win32_1.0.200.202301161003/tools/bin/../lib/gcc/arm-none-eabi/10.3.1/../../../../arm-none-eabi/lib/thumb/v6-m/nofp\libc_nano.a(lib_a-wbuf.o)
                0x0000000008008414                __swbuf_r
 .text.__swsetup_r
                0x00000000080084c0       0xf0 c:/st/stm32cubeide_1.12.1/stm32cubeide/plugins/com.st.stm32cube.ide.mcu.externaltools.gnu-tools-for-stm32.10.3-2021.10.win32_1.0.200.202301161003/tools/bin/../lib/gcc/arm-none-eabi/10.3.1/../../../../arm-none-eabi/lib/thumb/v6-m/nofp\libc_nano.a(lib_a-wsetup.o)
                0x00000000080084c0                __swsetup_r
 .text.abort    0x00000000080085b0        0xe c:/st/stm32cubeide_1.12.1/stm32cubeide/plugins/com.st.stm32cube.ide.mcu.externaltools.gnu-tools-for-stm32.10.3-2021.10.win32_1.0.200.202301161003/tools/bin/../lib/gcc/arm-none-eabi/10.3.1/../../../../arm-none-eabi/lib/thumb/v6-m/nofp\libc_nano.a(lib_a-abort.o)
                0x00000000080085b0                abort
 *fill*         0x00000000080085be        0x2 
 .text.__sflush_r
                0x00000000080085c0      0x118 c:/st/stm32cubeide_1.12.1/stm32cubeide/plugins/com.st.stm32cube.ide.mcu.externaltools.gnu-tools-for-stm32.10.3-2021.10.win32_1.0.200.202301161003/tools/bin/../lib/gcc/arm-none-eabi/10.3.1/../../../../arm-none-eabi/lib/thumb/v6-m/nofp\libc_nano.a(lib_a-fflush.o)
                0x00000000080085c0                __sflush_r
 .text._fflush_r
                0x00000000080086d8       0x80 c:/st/stm32cubeide_1.12.1/stm32cubeide/plugins/com.st.stm32cube.ide.mcu.externaltools.gnu-tools-for-stm32.10.3-2021.10.win32_1.0.200.202301161003/tools/bin/../lib/gcc/arm-none-eabi/10.3.1/../../../../arm-none-eabi/lib/thumb/v6-m/nofp\libc_nano.a(lib_a-fflush.o)
                0x00000000080086d8                _fflush_r
 .text.std      0x0000000008008758       0x48 c:/st/stm32cubeide_1.12.1/stm32cubeide/plugins/com.st.stm32cube.ide.mcu.externaltools.gnu-tools-for-stm32.10.3-2021.10.win32_1.0.200.202301161003/tools/bin/../lib/gcc/arm-none-eabi/10.3.1/../../../../arm-none-eabi/lib/thumb/v6-m/nofp\libc_nano.a(lib_a-findfp.o)
 .text._cleanup_r
                0x00000000080087a0       0x10 c:/st/stm32cubeide_1.12.1/stm32cubeide/plugins/com.st.stm32cube.ide.mcu.externaltools.gnu-tools-for-stm32.10.3-2021.10.win32_1.0.200.202301161003/tools/bin/../lib/gcc/arm-none-eabi/10.3.1/../../../../arm-none-eabi/lib/thumb/v6-m/nofp\libc_nano.a(lib_a-findfp.o)
                0x00000000080087a0                _cleanup_r
 .text.__sfmoreglue
                0x00000000080087b0       0x2c c:/st/stm32cubeide_1.12.1/stm32cubeide/plugins/com.st.stm32cube.ide.mcu.externaltools.gnu-tools-for-stm32.10.3-2021.10.win32_1.0.200.202301161003/tools/bin/../lib/gcc/arm-none-eabi/10.3.1/../../../../arm-none-eabi/lib/thumb/v6-m/nofp\libc_nano.a(lib_a-findfp.o)
                0x00000000080087b0                __sfmoreglue
 .text.__sfp_lock_acquire
                0x00000000080087dc       0x10 c:/st/stm32cubeide_1.12.1/stm32cubeide/plugins/com.st.stm32cube.ide.mcu.externaltools.gnu-tools-for-stm32.10.3-2021.10.win32_1.0.200.202301161003/tools/bin/../lib/gcc/arm-none-eabi/10.3.1/../../../../arm-none-eabi/lib/thumb/v6-m/nofp\libc_nano.a(lib_a-findfp.o)
                0x00000000080087dc                __sfp_lock_acquire
 .text.__sfp_lock_release
                0x00000000080087ec       0x10 c:/st/stm32cubeide_1.12.1/stm32cubeide/plugins/com.st.stm32cube.ide.mcu.externaltools.gnu-tools-for-stm32.10.3-2021.10.win32_1.0.200.202301161003/tools/bin/../lib/gcc/arm-none-eabi/10.3.1/../../../../arm-none-eabi/lib/thumb/v6-m/nofp\libc_nano.a(lib_a-findfp.o)
                0x00000000080087ec                __sfp_lock_release
 .text.__sinit_lock_acquire
                0x00000000080087fc       0x10 c:/st/stm32cubeide_1.12.1/stm32cubeide/plugins/com.st.stm32cube.ide.mcu.externaltools.gnu-tools-for-stm32.10.3-2021.10.win32_1.0.200.202301161003/tools/bin/../lib/gcc/arm-none-eabi/10.3.1/../../../../arm-none-eabi/lib/thumb/v6-m/nofp\libc_nano.a(lib_a-findfp.o)
                0x00000000080087fc                __sinit_lock_acquire
 .text.__sinit_lock_release
                0x000000000800880c       0x10 c:/st/stm32cubeide_1.12.1/stm32cubeide/plugins/com.st.stm32cube.ide.mcu.externaltools.gnu-tools-for-stm32.10.3-2021.10.win32_1.0.200.202301161003/tools/bin/../lib/gcc/arm-none-eabi/10.3.1/../../../../arm-none-eabi/lib/thumb/v6-m/nofp\libc_nano.a(lib_a-findfp.o)
                0x000000000800880c                __sinit_lock_release
 .text.__sinit  0x000000000800881c       0x70 c:/st/stm32cubeide_1.12.1/stm32cubeide/plugins/com.st.stm32cube.ide.mcu.externaltools.gnu-tools-for-stm32.10.3-2021.10.win32_1.0.200.202301161003/tools/bin/../lib/gcc/arm-none-eabi/10.3.1/../../../../arm-none-eabi/lib/thumb/v6-m/nofp\libc_nano.a(lib_a-findfp.o)
                0x000000000800881c                __sinit
 .text.__sfp    0x000000000800888c       0x90 c:/st/stm32cubeide_1.12.1/stm32cubeide/plugins/com.st.stm32cube.ide.mcu.externaltools.gnu-tools-for-stm32.10.3-2021.10.win32_1.0.200.202301161003/tools/bin/../lib/gcc/arm-none-eabi/10.3.1/../../../../arm-none-eabi/lib/thumb/v6-m/nofp\libc_nano.a(lib_a-findfp.o)
                0x000000000800888c                __sfp
 .text._fwalk_reent
                0x000000000800891c       0x40 c:/st/stm32cubeide_1.12.1/stm32cubeide/plugins/com.st.stm32cube.ide.mcu.externaltools.gnu-tools-for-stm32.10.3-2021.10.win32_1.0.200.202301161003/tools/bin/../lib/gcc/arm-none-eabi/10.3.1/../../../../arm-none-eabi/lib/thumb/v6-m/nofp\libc_nano.a(lib_a-fwalk.o)
                0x000000000800891c                _fwalk_reent
 .text.__retarget_lock_init_recursive
                0x000000000800895c        0x2 c:/st/stm32cubeide_1.12.1/stm32cubeide/plugins/com.st.stm32cube.ide.mcu.externaltools.gnu-tools-for-stm32.10.3-2021.10.win32_1.0.200.202301161003/tools/bin/../lib/gcc/arm-none-eabi/10.3.1/../../../../arm-none-eabi/lib/thumb/v6-m/nofp\libc_nano.a(lib_a-lock.o)
                0x000000000800895c                __retarget_lock_init_recursive
 .text.__retarget_lock_acquire_recursive
                0x000000000800895e        0x2 c:/st/stm32cubeide_1.12.1/stm32cubeide/plugins/com.st.stm32cube.ide.mcu.externaltools.gnu-tools-for-stm32.10.3-2021.10.win32_1.0.200.202301161003/tools/bin/../lib/gcc/arm-none-eabi/10.3.1/../../../../arm-none-eabi/lib/thumb/v6-m/nofp\libc_nano.a(lib_a-lock.o)
                0x000000000800895e                __retarget_lock_acquire_recursive
 .text.__retarget_lock_release_recursive
                0x0000000008008960        0x2 c:/st/stm32cubeide_1.12.1/stm32cubeide/plugins/com.st.stm32cube.ide.mcu.externaltools.gnu-tools-for-stm32.10.3-2021.10.win32_1.0.200.202301161003/tools/bin/../lib/gcc/arm-none-eabi/10.3.1/../../../../arm-none-eabi/lib/thumb/v6-m/nofp\libc_nano.a(lib_a-lock.o)
                0x0000000008008960                __retarget_lock_release_recursive
 *fill*         0x0000000008008962        0x2 
 .text.__swhatbuf_r
                0x0000000008008964       0x50 c:/st/stm32cubeide_1.12.1/stm32cubeide/plugins/com.st.stm32cube.ide.mcu.externaltools.gnu-tools-for-stm32.10.3-2021.10.win32_1.0.200.202301161003/tools/bin/../lib/gcc/arm-none-eabi/10.3.1/../../../../arm-none-eabi/lib/thumb/v6-m/nofp\libc_nano.a(lib_a-makebuf.o)
                0x0000000008008964                __swhatbuf_r
 .text.__smakebuf_r
                0x00000000080089b4       0x88 c:/st/stm32cubeide_1.12.1/stm32cubeide/plugins/com.st.stm32cube.ide.mcu.externaltools.gnu-tools-for-stm32.10.3-2021.10.win32_1.0.200.202301161003/tools/bin/../lib/gcc/arm-none-eabi/10.3.1/../../../../arm-none-eabi/lib/thumb/v6-m/nofp\libc_nano.a(lib_a-makebuf.o)
                0x00000000080089b4                __smakebuf_r
 .text.__ascii_mbtowc
                0x0000000008008a3c       0x24 c:/st/stm32cubeide_1.12.1/stm32cubeide/plugins/com.st.stm32cube.ide.mcu.externaltools.gnu-tools-for-stm32.10.3-2021.10.win32_1.0.200.202301161003/tools/bin/../lib/gcc/arm-none-eabi/10.3.1/../../../../arm-none-eabi/lib/thumb/v6-m/nofp\libc_nano.a(lib_a-mbtowc_r.o)
                0x0000000008008a3c                __ascii_mbtowc
 .text.memmove  0x0000000008008a60       0x26 c:/st/stm32cubeide_1.12.1/stm32cubeide/plugins/com.st.stm32cube.ide.mcu.externaltools.gnu-tools-for-stm32.10.3-2021.10.win32_1.0.200.202301161003/tools/bin/../lib/gcc/arm-none-eabi/10.3.1/../../../../arm-none-eabi/lib/thumb/v6-m/nofp\libc_nano.a(lib_a-memmove.o)
                0x0000000008008a60                memmove
 *fill*         0x0000000008008a86        0x2 
 .text.__malloc_lock
                0x0000000008008a88       0x10 c:/st/stm32cubeide_1.12.1/stm32cubeide/plugins/com.st.stm32cube.ide.mcu.externaltools.gnu-tools-for-stm32.10.3-2021.10.win32_1.0.200.202301161003/tools/bin/../lib/gcc/arm-none-eabi/10.3.1/../../../../arm-none-eabi/lib/thumb/v6-m/nofp\libc_nano.a(lib_a-mlock.o)
                0x0000000008008a88                __malloc_lock
 .text.__malloc_unlock
                0x0000000008008a98       0x10 c:/st/stm32cubeide_1.12.1/stm32cubeide/plugins/com.st.stm32cube.ide.mcu.externaltools.gnu-tools-for-stm32.10.3-2021.10.win32_1.0.200.202301161003/tools/bin/../lib/gcc/arm-none-eabi/10.3.1/../../../../arm-none-eabi/lib/thumb/v6-m/nofp\libc_nano.a(lib_a-mlock.o)
                0x0000000008008a98                __malloc_unlock
 .text._realloc_r
                0x0000000008008aa8       0x5e c:/st/stm32cubeide_1.12.1/stm32cubeide/plugins/com.st.stm32cube.ide.mcu.externaltools.gnu-tools-for-stm32.10.3-2021.10.win32_1.0.200.202301161003/tools/bin/../lib/gcc/arm-none-eabi/10.3.1/../../../../arm-none-eabi/lib/thumb/v6-m/nofp\libc_nano.a(lib_a-nano-reallocr.o)
                0x0000000008008aa8                _realloc_r
 .text._raise_r
                0x0000000008008b06       0x54 c:/st/stm32cubeide_1.12.1/stm32cubeide/plugins/com.st.stm32cube.ide.mcu.externaltools.gnu-tools-for-stm32.10.3-2021.10.win32_1.0.200.202301161003/tools/bin/../lib/gcc/arm-none-eabi/10.3.1/../../../../arm-none-eabi/lib/thumb/v6-m/nofp\libc_nano.a(lib_a-signal.o)
                0x0000000008008b06                _raise_r
 *fill*         0x0000000008008b5a        0x2 
 .text.raise    0x0000000008008b5c       0x14 c:/st/stm32cubeide_1.12.1/stm32cubeide/plugins/com.st.stm32cube.ide.mcu.externaltools.gnu-tools-for-stm32.10.3-2021.10.win32_1.0.200.202301161003/tools/bin/../lib/gcc/arm-none-eabi/10.3.1/../../../../arm-none-eabi/lib/thumb/v6-m/nofp\libc_nano.a(lib_a-signal.o)
                0x0000000008008b5c                raise
 .text._kill_r  0x0000000008008b70       0x24 c:/st/stm32cubeide_1.12.1/stm32cubeide/plugins/com.st.stm32cube.ide.mcu.externaltools.gnu-tools-for-stm32.10.3-2021.10.win32_1.0.200.202301161003/tools/bin/../lib/gcc/arm-none-eabi/10.3.1/../../../../arm-none-eabi/lib/thumb/v6-m/nofp\libc_nano.a(lib_a-signalr.o)
                0x0000000008008b70                _kill_r
 .text._getpid_r
                0x0000000008008b94        0x8 c:/st/stm32cubeide_1.12.1/stm32cubeide/plugins/com.st.stm32cube.ide.mcu.externaltools.gnu-tools-for-stm32.10.3-2021.10.win32_1.0.200.202301161003/tools/bin/../lib/gcc/arm-none-eabi/10.3.1/../../../../arm-none-eabi/lib/thumb/v6-m/nofp\libc_nano.a(lib_a-signalr.o)
                0x0000000008008b94                _getpid_r
 .text.__sread  0x0000000008008b9c       0x28 c:/st/stm32cubeide_1.12.1/stm32cubeide/plugins/com.st.stm32cube.ide.mcu.externaltools.gnu-tools-for-stm32.10.3-2021.10.win32_1.0.200.202301161003/tools/bin/../lib/gcc/arm-none-eabi/10.3.1/../../../../arm-none-eabi/lib/thumb/v6-m/nofp\libc_nano.a(lib_a-stdio.o)
                0x0000000008008b9c                __sread
 .text.__swrite
                0x0000000008008bc4       0x38 c:/st/stm32cubeide_1.12.1/stm32cubeide/plugins/com.st.stm32cube.ide.mcu.externaltools.gnu-tools-for-stm32.10.3-2021.10.win32_1.0.200.202301161003/tools/bin/../lib/gcc/arm-none-eabi/10.3.1/../../../../arm-none-eabi/lib/thumb/v6-m/nofp\libc_nano.a(lib_a-stdio.o)
                0x0000000008008bc4                __swrite
 .text.__sseek  0x0000000008008bfc       0x2c c:/st/stm32cubeide_1.12.1/stm32cubeide/plugins/com.st.stm32cube.ide.mcu.externaltools.gnu-tools-for-stm32.10.3-2021.10.win32_1.0.200.202301161003/tools/bin/../lib/gcc/arm-none-eabi/10.3.1/../../../../arm-none-eabi/lib/thumb/v6-m/nofp\libc_nano.a(lib_a-stdio.o)
                0x0000000008008bfc                __sseek
 .text.__sclose
                0x0000000008008c28        0xc c:/st/stm32cubeide_1.12.1/stm32cubeide/plugins/com.st.stm32cube.ide.mcu.externaltools.gnu-tools-for-stm32.10.3-2021.10.win32_1.0.200.202301161003/tools/bin/../lib/gcc/arm-none-eabi/10.3.1/../../../../arm-none-eabi/lib/thumb/v6-m/nofp\libc_nano.a(lib_a-stdio.o)
                0x0000000008008c28                __sclose
 .text.__ascii_wctomb
                0x0000000008008c34       0x1a c:/st/stm32cubeide_1.12.1/stm32cubeide/plugins/com.st.stm32cube.ide.mcu.externaltools.gnu-tools-for-stm32.10.3-2021.10.win32_1.0.200.202301161003/tools/bin/../lib/gcc/arm-none-eabi/10.3.1/../../../../arm-none-eabi/lib/thumb/v6-m/nofp\libc_nano.a(lib_a-wctomb_r.o)
                0x0000000008008c34                __ascii_wctomb
 *fill*         0x0000000008008c4e        0x2 
 .text._write_r
                0x0000000008008c50       0x28 c:/st/stm32cubeide_1.12.1/stm32cubeide/plugins/com.st.stm32cube.ide.mcu.externaltools.gnu-tools-for-stm32.10.3-2021.10.win32_1.0.200.202301161003/tools/bin/../lib/gcc/arm-none-eabi/10.3.1/../../../../arm-none-eabi/lib/thumb/v6-m/nofp\libc_nano.a(lib_a-writer.o)
                0x0000000008008c50                _write_r
 .text._close_r
                0x0000000008008c78       0x24 c:/st/stm32cubeide_1.12.1/stm32cubeide/plugins/com.st.stm32cube.ide.mcu.externaltools.gnu-tools-for-stm32.10.3-2021.10.win32_1.0.200.202301161003/tools/bin/../lib/gcc/arm-none-eabi/10.3.1/../../../../arm-none-eabi/lib/thumb/v6-m/nofp\libc_nano.a(lib_a-closer.o)
                0x0000000008008c78                _close_r
 .text._fstat_r
                0x0000000008008c9c       0x24 c:/st/stm32cubeide_1.12.1/stm32cubeide/plugins/com.st.stm32cube.ide.mcu.externaltools.gnu-tools-for-stm32.10.3-2021.10.win32_1.0.200.202301161003/tools/bin/../lib/gcc/arm-none-eabi/10.3.1/../../../../arm-none-eabi/lib/thumb/v6-m/nofp\libc_nano.a(lib_a-fstatr.o)
                0x0000000008008c9c                _fstat_r
 .text._isatty_r
                0x0000000008008cc0       0x24 c:/st/stm32cubeide_1.12.1/stm32cubeide/plugins/com.st.stm32cube.ide.mcu.externaltools.gnu-tools-for-stm32.10.3-2021.10.win32_1.0.200.202301161003/tools/bin/../lib/gcc/arm-none-eabi/10.3.1/../../../../arm-none-eabi/lib/thumb/v6-m/nofp\libc_nano.a(lib_a-isattyr.o)
                0x0000000008008cc0                _isatty_r
 .text._lseek_r
                0x0000000008008ce4       0x28 c:/st/stm32cubeide_1.12.1/stm32cubeide/plugins/com.st.stm32cube.ide.mcu.externaltools.gnu-tools-for-stm32.10.3-2021.10.win32_1.0.200.202301161003/tools/bin/../lib/gcc/arm-none-eabi/10.3.1/../../../../arm-none-eabi/lib/thumb/v6-m/nofp\libc_nano.a(lib_a-lseekr.o)
                0x0000000008008ce4                _lseek_r
 .text._malloc_usable_size_r
                0x0000000008008d0c       0x10 c:/st/stm32cubeide_1.12.1/stm32cubeide/plugins/com.st.stm32cube.ide.mcu.externaltools.gnu-tools-for-stm32.10.3-2021.10.win32_1.0.200.202301161003/tools/bin/../lib/gcc/arm-none-eabi/10.3.1/../../../../arm-none-eabi/lib/thumb/v6-m/nofp\libc_nano.a(lib_a-nano-msizer.o)
                0x0000000008008d0c                _malloc_usable_size_r
 .text._read_r  0x0000000008008d1c       0x28 c:/st/stm32cubeide_1.12.1/stm32cubeide/plugins/com.st.stm32cube.ide.mcu.externaltools.gnu-tools-for-stm32.10.3-2021.10.win32_1.0.200.202301161003/tools/bin/../lib/gcc/arm-none-eabi/10.3.1/../../../../arm-none-eabi/lib/thumb/v6-m/nofp\libc_nano.a(lib_a-readr.o)
                0x0000000008008d1c                _read_r
 *(.glue_7)
 .glue_7        0x0000000008008d44        0x0 linker stubs
 *(.glue_7t)
 .glue_7t       0x0000000008008d44        0x0 linker stubs
 *(.eh_frame)
 .eh_frame      0x0000000008008d44        0x0 c:/st/stm32cubeide_1.12.1/stm32cubeide/plugins/com.st.stm32cube.ide.mcu.externaltools.gnu-tools-for-stm32.10.3-2021.10.win32_1.0.200.202301161003/tools/bin/../lib/gcc/arm-none-eabi/10.3.1/thumb/v6-m/nofp/crtbegin.o
 *(.init)
 .init          0x0000000008008d44        0x4 c:/st/stm32cubeide_1.12.1/stm32cubeide/plugins/com.st.stm32cube.ide.mcu.externaltools.gnu-tools-for-stm32.10.3-2021.10.win32_1.0.200.202301161003/tools/bin/../lib/gcc/arm-none-eabi/10.3.1/thumb/v6-m/nofp/crti.o
                0x0000000008008d44                _init
 .init          0x0000000008008d48        0x8 c:/st/stm32cubeide_1.12.1/stm32cubeide/plugins/com.st.stm32cube.ide.mcu.externaltools.gnu-tools-for-stm32.10.3-2021.10.win32_1.0.200.202301161003/tools/bin/../lib/gcc/arm-none-eabi/10.3.1/thumb/v6-m/nofp/crtn.o
 *(.fini)
 .fini          0x0000000008008d50        0x4 c:/st/stm32cubeide_1.12.1/stm32cubeide/plugins/com.st.stm32cube.ide.mcu.externaltools.gnu-tools-for-stm32.10.3-2021.10.win32_1.0.200.202301161003/tools/bin/../lib/gcc/arm-none-eabi/10.3.1/thumb/v6-m/nofp/crti.o
                0x0000000008008d50                _fini
 .fini          0x0000000008008d54        0x8 c:/st/stm32cubeide_1.12.1/stm32cubeide/plugins/com.st.stm32cube.ide.mcu.externaltools.gnu-tools-for-stm32.10.3-2021.10.win32_1.0.200.202301161003/tools/bin/../lib/gcc/arm-none-eabi/10.3.1/thumb/v6-m/nofp/crtn.o
                0x0000000008008d5c                . = ALIGN (0x4)
                0x0000000008008d5c                _etext = .

.vfp11_veneer   0x0000000008008d5c        0x0
 .vfp11_veneer  0x0000000008008d5c        0x0 linker stubs

.v4_bx          0x0000000008008d5c        0x0
 .v4_bx         0x0000000008008d5c        0x0 linker stubs

.iplt           0x0000000008008d5c        0x0
 .iplt          0x0000000008008d5c        0x0 c:/st/stm32cubeide_1.12.1/stm32cubeide/plugins/com.st.stm32cube.ide.mcu.externaltools.gnu-tools-for-stm32.10.3-2021.10.win32_1.0.200.202301161003/tools/bin/../lib/gcc/arm-none-eabi/10.3.1/thumb/v6-m/nofp/crtbegin.o

.rodata         0x0000000008008d60      0x654
                0x0000000008008d60                . = ALIGN (0x4)
 *(.rodata)
 .rodata        0x0000000008008d60       0x32 ./Core/Src/lightingModule.o
 *fill*         0x0000000008008d92        0x2 
 .rodata        0x0000000008008d94       0x18 ./Core/Src/main.o
 .rodata        0x0000000008008dac        0x8 ./Core/Src/ws2812b_driver.o
 .rodata        0x0000000008008db4       0x40 c:/st/stm32cubeide_1.12.1/stm32cubeide/plugins/com.st.stm32cube.ide.mcu.externaltools.gnu-tools-for-stm32.10.3-2021.10.win32_1.0.200.202301161003/tools/bin/../lib/gcc/arm-none-eabi/10.3.1/thumb/v6-m/nofp\libgcc.a(divdf3.o)
 .rodata        0x0000000008008df4       0x40 c:/st/stm32cubeide_1.12.1/stm32cubeide/plugins/com.st.stm32cube.ide.mcu.externaltools.gnu-tools-for-stm32.10.3-2021.10.win32_1.0.200.202301161003/tools/bin/../lib/gcc/arm-none-eabi/10.3.1/thumb/v6-m/nofp\libgcc.a(muldf3.o)
 *(.rodata*)
 .rodata.CHANNEL_OFFSET_TAB
                0x0000000008008e34        0x5 ./Core/Src/lightSensor.o
 *fill*         0x0000000008008e39        0x3 
 .rodata.flameBallFrame
                0x0000000008008e3c       0x34 ./Core/Src/lightingModule.o
 .rodata.solidFrame
                0x0000000008008e70       0x20 ./Core/Src/lightingModule.o
 .rodata.waveFrame
                0x0000000008008e90       0x20 ./Core/Src/lightingModule.o
 .rodata.AHBPrescTable
                0x0000000008008eb0       0x40 ./Core/Src/system_stm32g0xx.o
                0x0000000008008eb0                AHBPrescTable
 .rodata.APBPrescTable
                0x0000000008008ef0       0x20 ./Core/Src/system_stm32g0xx.o
                0x0000000008008ef0                APBPrescTable
 .rodata.CHANNEL_OFFSET_TAB
                0x0000000008008f10        0x5 ./Core/Src/ws2812b_driver.o
 *fill*         0x0000000008008f15        0x3 
 .rodata.OFFSET_TAB_CCMRx
                0x0000000008008f18        0x9 ./Core/Src/ws2812b_driver.o
 *fill*         0x0000000008008f21        0x3 
 .rodata.SHIFT_TAB_OCxx
                0x0000000008008f24        0x9 ./Core/Src/ws2812b_driver.o
 *fill*         0x0000000008008f2d        0x3 
 .rodata.SHIFT_TAB_CCxP
                0x0000000008008f30        0x9 ./Core/Src/ws2812b_driver.o
 *fill*         0x0000000008008f39        0x3 
 .rodata.SHIFT_TAB_OISx
                0x0000000008008f3c        0x9 ./Core/Src/ws2812b_driver.o
 *fill*         0x0000000008008f45        0x3 
 .rodata.USART_PRESCALER_TAB
                0x0000000008008f48       0x30 ./Drivers/STM32G0xx_HAL_Driver/stm32g0xx_ll_usart.o
 .rodata._global_impure_ptr
                0x0000000008008f78        0x4 c:/st/stm32cubeide_1.12.1/stm32cubeide/plugins/com.st.stm32cube.ide.mcu.externaltools.gnu-tools-for-stm32.10.3-2021.10.win32_1.0.200.202301161003/tools/bin/../lib/gcc/arm-none-eabi/10.3.1/../../../../arm-none-eabi/lib/thumb/v6-m/nofp\libc_nano.a(lib_a-impure.o)
                0x0000000008008f78                _global_impure_ptr
 .rodata._printf_float.str1.1
                0x0000000008008f7c       0x12 c:/st/stm32cubeide_1.12.1/stm32cubeide/plugins/com.st.stm32cube.ide.mcu.externaltools.gnu-tools-for-stm32.10.3-2021.10.win32_1.0.200.202301161003/tools/bin/../lib/gcc/arm-none-eabi/10.3.1/../../../../arm-none-eabi/lib/thumb/v6-m/nofp\libc_nano.a(lib_a-nano-vfprintf_float.o)
 .rodata._printf_i.str1.1
                0x0000000008008f8e       0x22 c:/st/stm32cubeide_1.12.1/stm32cubeide/plugins/com.st.stm32cube.ide.mcu.externaltools.gnu-tools-for-stm32.10.3-2021.10.win32_1.0.200.202301161003/tools/bin/../lib/gcc/arm-none-eabi/10.3.1/../../../../arm-none-eabi/lib/thumb/v6-m/nofp\libc_nano.a(lib_a-nano-vfprintf_i.o)
 .rodata.srand.str1.1
                0x0000000008008fb0       0x72 c:/st/stm32cubeide_1.12.1/stm32cubeide/plugins/com.st.stm32cube.ide.mcu.externaltools.gnu-tools-for-stm32.10.3-2021.10.win32_1.0.200.202301161003/tools/bin/../lib/gcc/arm-none-eabi/10.3.1/../../../../arm-none-eabi/lib/thumb/v6-m/nofp\libc_nano.a(lib_a-rand.o)
 .rodata.__assert_func.str1.1
                0x0000000008009022       0x3c c:/st/stm32cubeide_1.12.1/stm32cubeide/plugins/com.st.stm32cube.ide.mcu.externaltools.gnu-tools-for-stm32.10.3-2021.10.win32_1.0.200.202301161003/tools/bin/../lib/gcc/arm-none-eabi/10.3.1/../../../../arm-none-eabi/lib/thumb/v6-m/nofp\libc_nano.a(lib_a-assert.o)
                                         0x3d (size before relaxing)
 .rodata._dtoa_r.str1.1
                0x000000000800905e       0x79 c:/st/stm32cubeide_1.12.1/stm32cubeide/plugins/com.st.stm32cube.ide.mcu.externaltools.gnu-tools-for-stm32.10.3-2021.10.win32_1.0.200.202301161003/tools/bin/../lib/gcc/arm-none-eabi/10.3.1/../../../../arm-none-eabi/lib/thumb/v6-m/nofp\libc_nano.a(lib_a-dtoa.o)
                                         0x92 (size before relaxing)
 .rodata._Balloc.str1.1
                0x00000000080090d7       0x5c c:/st/stm32cubeide_1.12.1/stm32cubeide/plugins/com.st.stm32cube.ide.mcu.externaltools.gnu-tools-for-stm32.10.3-2021.10.win32_1.0.200.202301161003/tools/bin/../lib/gcc/arm-none-eabi/10.3.1/../../../../arm-none-eabi/lib/thumb/v6-m/nofp\libc_nano.a(lib_a-mprec.o)
                                         0x73 (size before relaxing)
 .rodata.__multadd.str1.1
                0x0000000008009133       0x11 c:/st/stm32cubeide_1.12.1/stm32cubeide/plugins/com.st.stm32cube.ide.mcu.externaltools.gnu-tools-for-stm32.10.3-2021.10.win32_1.0.200.202301161003/tools/bin/../lib/gcc/arm-none-eabi/10.3.1/../../../../arm-none-eabi/lib/thumb/v6-m/nofp\libc_nano.a(lib_a-mprec.o)
 *fill*         0x0000000008009133        0x5 
 .rodata.__mprec_bigtens
                0x0000000008009138       0x28 c:/st/stm32cubeide_1.12.1/stm32cubeide/plugins/com.st.stm32cube.ide.mcu.externaltools.gnu-tools-for-stm32.10.3-2021.10.win32_1.0.200.202301161003/tools/bin/../lib/gcc/arm-none-eabi/10.3.1/../../../../arm-none-eabi/lib/thumb/v6-m/nofp\libc_nano.a(lib_a-mprec.o)
                0x0000000008009138                __mprec_bigtens
 .rodata.__mprec_tens
                0x0000000008009160       0xc8 c:/st/stm32cubeide_1.12.1/stm32cubeide/plugins/com.st.stm32cube.ide.mcu.externaltools.gnu-tools-for-stm32.10.3-2021.10.win32_1.0.200.202301161003/tools/bin/../lib/gcc/arm-none-eabi/10.3.1/../../../../arm-none-eabi/lib/thumb/v6-m/nofp\libc_nano.a(lib_a-mprec.o)
                0x0000000008009160                __mprec_tens
 .rodata.p05.0  0x0000000008009228        0xc c:/st/stm32cubeide_1.12.1/stm32cubeide/plugins/com.st.stm32cube.ide.mcu.externaltools.gnu-tools-for-stm32.10.3-2021.10.win32_1.0.200.202301161003/tools/bin/../lib/gcc/arm-none-eabi/10.3.1/../../../../arm-none-eabi/lib/thumb/v6-m/nofp\libc_nano.a(lib_a-mprec.o)
 .rodata._svfprintf_r.str1.1
                0x0000000008009234       0x11 c:/st/stm32cubeide_1.12.1/stm32cubeide/plugins/com.st.stm32cube.ide.mcu.externaltools.gnu-tools-for-stm32.10.3-2021.10.win32_1.0.200.202301161003/tools/bin/../lib/gcc/arm-none-eabi/10.3.1/../../../../arm-none-eabi/lib/thumb/v6-m/nofp\libc_nano.a(lib_a-nano-svfprintf.o)
 .rodata._vfprintf_r.str1.1
                0x0000000008009245       0x11 c:/st/stm32cubeide_1.12.1/stm32cubeide/plugins/com.st.stm32cube.ide.mcu.externaltools.gnu-tools-for-stm32.10.3-2021.10.win32_1.0.200.202301161003/tools/bin/../lib/gcc/arm-none-eabi/10.3.1/../../../../arm-none-eabi/lib/thumb/v6-m/nofp\libc_nano.a(lib_a-nano-vfprintf.o)
 *fill*         0x0000000008009245        0x3 
 .rodata.__sf_fake_stderr
                0x0000000008009248       0x20 c:/st/stm32cubeide_1.12.1/stm32cubeide/plugins/com.st.stm32cube.ide.mcu.externaltools.gnu-tools-for-stm32.10.3-2021.10.win32_1.0.200.202301161003/tools/bin/../lib/gcc/arm-none-eabi/10.3.1/../../../../arm-none-eabi/lib/thumb/v6-m/nofp\libc_nano.a(lib_a-findfp.o)
                0x0000000008009248                __sf_fake_stderr
 .rodata.__sf_fake_stdin
                0x0000000008009268       0x20 c:/st/stm32cubeide_1.12.1/stm32cubeide/plugins/com.st.stm32cube.ide.mcu.externaltools.gnu-tools-for-stm32.10.3-2021.10.win32_1.0.200.202301161003/tools/bin/../lib/gcc/arm-none-eabi/10.3.1/../../../../arm-none-eabi/lib/thumb/v6-m/nofp\libc_nano.a(lib_a-findfp.o)
                0x0000000008009268                __sf_fake_stdin
 .rodata.__sf_fake_stdout
                0x0000000008009288       0x20 c:/st/stm32cubeide_1.12.1/stm32cubeide/plugins/com.st.stm32cube.ide.mcu.externaltools.gnu-tools-for-stm32.10.3-2021.10.win32_1.0.200.202301161003/tools/bin/../lib/gcc/arm-none-eabi/10.3.1/../../../../arm-none-eabi/lib/thumb/v6-m/nofp\libc_nano.a(lib_a-findfp.o)
                0x0000000008009288                __sf_fake_stdout
 .rodata._setlocale_r.str1.1
                0x00000000080092a8        0x8 c:/st/stm32cubeide_1.12.1/stm32cubeide/plugins/com.st.stm32cube.ide.mcu.externaltools.gnu-tools-for-stm32.10.3-2021.10.win32_1.0.200.202301161003/tools/bin/../lib/gcc/arm-none-eabi/10.3.1/../../../../arm-none-eabi/lib/thumb/v6-m/nofp\libc_nano.a(lib_a-locale.o)
                                          0x9 (size before relaxing)
 .rodata.str1.1
                0x00000000080092b0        0x2 c:/st/stm32cubeide_1.12.1/stm32cubeide/plugins/com.st.stm32cube.ide.mcu.externaltools.gnu-tools-for-stm32.10.3-2021.10.win32_1.0.200.202301161003/tools/bin/../lib/gcc/arm-none-eabi/10.3.1/../../../../arm-none-eabi/lib/thumb/v6-m/nofp\libc_nano.a(lib_a-locale.o)
 .rodata._ctype_
                0x00000000080092b2      0x101 c:/st/stm32cubeide_1.12.1/stm32cubeide/plugins/com.st.stm32cube.ide.mcu.externaltools.gnu-tools-for-stm32.10.3-2021.10.win32_1.0.200.202301161003/tools/bin/../lib/gcc/arm-none-eabi/10.3.1/../../../../arm-none-eabi/lib/thumb/v6-m/nofp\libc_nano.a(lib_a-ctype_.o)
                0x00000000080092b2                _ctype_
                0x00000000080093b4                . = ALIGN (0x4)
 *fill*         0x00000000080093b3        0x1 

.rel.dyn        0x00000000080093b4        0x0
 .rel.iplt      0x00000000080093b4        0x0 c:/st/stm32cubeide_1.12.1/stm32cubeide/plugins/com.st.stm32cube.ide.mcu.externaltools.gnu-tools-for-stm32.10.3-2021.10.win32_1.0.200.202301161003/tools/bin/../lib/gcc/arm-none-eabi/10.3.1/thumb/v6-m/nofp/crtbegin.o

.ARM.extab      0x00000000080093b4        0x0
                0x00000000080093b4                . = ALIGN (0x4)
 *(.ARM.extab* .gnu.linkonce.armextab.*)
                0x00000000080093b4                . = ALIGN (0x4)

.ARM            0x00000000080093b4        0x0
                0x00000000080093b4                . = ALIGN (0x4)
                0x00000000080093b4                __exidx_start = .
 *(.ARM.exidx*)
                0x00000000080093b4                __exidx_end = .
                0x00000000080093b4                . = ALIGN (0x4)

.preinit_array  0x00000000080093b4        0x0
                0x00000000080093b4                . = ALIGN (0x4)
                0x00000000080093b4                PROVIDE (__preinit_array_start = .)
 *(.preinit_array*)
                0x00000000080093b4                PROVIDE (__preinit_array_end = .)
                0x00000000080093b4                . = ALIGN (0x4)

.init_array     0x00000000080093b4        0x4
                0x00000000080093b4                . = ALIGN (0x4)
                0x00000000080093b4                PROVIDE (__init_array_start = .)
 *(SORT_BY_NAME(.init_array.*))
 *(.init_array*)
 .init_array    0x00000000080093b4        0x4 c:/st/stm32cubeide_1.12.1/stm32cubeide/plugins/com.st.stm32cube.ide.mcu.externaltools.gnu-tools-for-stm32.10.3-2021.10.win32_1.0.200.202301161003/tools/bin/../lib/gcc/arm-none-eabi/10.3.1/thumb/v6-m/nofp/crtbegin.o
                0x00000000080093b8                PROVIDE (__init_array_end = .)
                0x00000000080093b8                . = ALIGN (0x4)

.fini_array     0x00000000080093b8        0x4
                0x00000000080093b8                . = ALIGN (0x4)
                [!provide]                        PROVIDE (__fini_array_start = .)
 *(SORT_BY_NAME(.fini_array.*))
 *(.fini_array*)
 .fini_array    0x00000000080093b8        0x4 c:/st/stm32cubeide_1.12.1/stm32cubeide/plugins/com.st.stm32cube.ide.mcu.externaltools.gnu-tools-for-stm32.10.3-2021.10.win32_1.0.200.202301161003/tools/bin/../lib/gcc/arm-none-eabi/10.3.1/thumb/v6-m/nofp/crtbegin.o
                [!provide]                        PROVIDE (__fini_array_end = .)
                0x00000000080093bc                . = ALIGN (0x4)
                0x00000000080093bc                _sidata = LOADADDR (.data)

.data           0x0000000020000000      0x24c load address 0x00000000080093bc
                0x0000000020000000                . = ALIGN (0x4)
                0x0000000020000000                _sdata = .
 *(.data)
 *(.data*)
 .data.effects  0x0000000020000000       0x78 ./Core/Src/lightEffects.o
                0x0000000020000000                effects
 .data.SystemCoreClock
                0x0000000020000078        0x4 ./Core/Src/system_stm32g0xx.o
                0x0000000020000078                SystemCoreClock
 .data._impure_ptr
                0x000000002000007c        0x4 c:/st/stm32cubeide_1.12.1/stm32cubeide/plugins/com.st.stm32cube.ide.mcu.externaltools.gnu-tools-for-stm32.10.3-2021.10.win32_1.0.200.202301161003/tools/bin/../lib/gcc/arm-none-eabi/10.3.1/../../../../arm-none-eabi/lib/thumb/v6-m/nofp\libc_nano.a(lib_a-impure.o)
                0x000000002000007c                _impure_ptr
 .data.impure_data
                0x0000000020000080       0x60 c:/st/stm32cubeide_1.12.1/stm32cubeide/plugins/com.st.stm32cube.ide.mcu.externaltools.gnu-tools-for-stm32.10.3-2021.10.win32_1.0.200.202301161003/tools/bin/../lib/gcc/arm-none-eabi/10.3.1/../../../../arm-none-eabi/lib/thumb/v6-m/nofp\libc_nano.a(lib_a-impure.o)
 .data.__global_locale
                0x00000000200000e0      0x16c c:/st/stm32cubeide_1.12.1/stm32cubeide/plugins/com.st.stm32cube.ide.mcu.externaltools.gnu-tools-for-stm32.10.3-2021.10.win32_1.0.200.202301161003/tools/bin/../lib/gcc/arm-none-eabi/10.3.1/../../../../arm-none-eabi/lib/thumb/v6-m/nofp\libc_nano.a(lib_a-locale.o)
                0x00000000200000e0                __global_locale
 *(.RamFunc)
 *(.RamFunc*)
                0x000000002000024c                . = ALIGN (0x4)
                0x000000002000024c                _edata = .

.igot.plt       0x000000002000024c        0x0 load address 0x0000000008009608
 .igot.plt      0x000000002000024c        0x0 c:/st/stm32cubeide_1.12.1/stm32cubeide/plugins/com.st.stm32cube.ide.mcu.externaltools.gnu-tools-for-stm32.10.3-2021.10.win32_1.0.200.202301161003/tools/bin/../lib/gcc/arm-none-eabi/10.3.1/thumb/v6-m/nofp/crtbegin.o
                0x000000002000024c                . = ALIGN (0x4)

.bss            0x0000000020000250      0x6dc load address 0x0000000008009608
                0x0000000020000250                _sbss = .
                0x0000000020000250                __bss_start__ = _sbss
 *(.bss)
 .bss           0x0000000020000250       0x1c c:/st/stm32cubeide_1.12.1/stm32cubeide/plugins/com.st.stm32cube.ide.mcu.externaltools.gnu-tools-for-stm32.10.3-2021.10.win32_1.0.200.202301161003/tools/bin/../lib/gcc/arm-none-eabi/10.3.1/thumb/v6-m/nofp/crtbegin.o
 *(.bss*)
 .bss.lightVals
                0x000000002000026c       0x20 ./Core/Src/lightSensor.o
                0x000000002000026c                lightVals
 .bss.debugBuff
                0x000000002000028c       0x80 ./Core/Src/lightingModule.o
                0x000000002000028c                debugBuff
 .bss.maxLight.4
                0x000000002000030c        0x1 ./Core/Src/lightingModule.o
 *fill*         0x000000002000030d        0x3 
 .bss.colorTarget.3
                0x0000000020000310      0x180 ./Core/Src/lightingModule.o
 .bss.colorNow.2
                0x0000000020000490      0x180 ./Core/Src/lightingModule.o
 .bss.colorStep.1
                0x0000000020000610      0x180 ./Core/Src/lightingModule.o
 .bss.timeEffect.0
                0x0000000020000790        0x2 ./Core/Src/lightingModule.o
 *fill*         0x0000000020000792        0x2 
 .bss.__sbrk_heap_end
                0x0000000020000794        0x4 ./Core/Src/sysmem.o
 .bss.ws2812bTimData
                0x0000000020000798      0x182 ./Core/Src/ws2812b_driver.o
 .bss.isDmaTransferBusy
                0x000000002000091a        0x1 ./Core/Src/ws2812b_driver.o
 *fill*         0x000000002000091b        0x1 
 .bss.__malloc_free_list
                0x000000002000091c        0x4 c:/st/stm32cubeide_1.12.1/stm32cubeide/plugins/com.st.stm32cube.ide.mcu.externaltools.gnu-tools-for-stm32.10.3-2021.10.win32_1.0.200.202301161003/tools/bin/../lib/gcc/arm-none-eabi/10.3.1/../../../../arm-none-eabi/lib/thumb/v6-m/nofp\libc_nano.a(lib_a-nano-mallocr.o)
                0x000000002000091c                __malloc_free_list
 .bss.__malloc_sbrk_start
                0x0000000020000920        0x4 c:/st/stm32cubeide_1.12.1/stm32cubeide/plugins/com.st.stm32cube.ide.mcu.externaltools.gnu-tools-for-stm32.10.3-2021.10.win32_1.0.200.202301161003/tools/bin/../lib/gcc/arm-none-eabi/10.3.1/../../../../arm-none-eabi/lib/thumb/v6-m/nofp\libc_nano.a(lib_a-nano-mallocr.o)
                0x0000000020000920                __malloc_sbrk_start
 .bss.__lock___malloc_recursive_mutex
                0x0000000020000924        0x1 c:/st/stm32cubeide_1.12.1/stm32cubeide/plugins/com.st.stm32cube.ide.mcu.externaltools.gnu-tools-for-stm32.10.3-2021.10.win32_1.0.200.202301161003/tools/bin/../lib/gcc/arm-none-eabi/10.3.1/../../../../arm-none-eabi/lib/thumb/v6-m/nofp\libc_nano.a(lib_a-lock.o)
                0x0000000020000924                __lock___malloc_recursive_mutex
 .bss.__lock___sfp_recursive_mutex
                0x0000000020000925        0x1 c:/st/stm32cubeide_1.12.1/stm32cubeide/plugins/com.st.stm32cube.ide.mcu.externaltools.gnu-tools-for-stm32.10.3-2021.10.win32_1.0.200.202301161003/tools/bin/../lib/gcc/arm-none-eabi/10.3.1/../../../../arm-none-eabi/lib/thumb/v6-m/nofp\libc_nano.a(lib_a-lock.o)
                0x0000000020000925                __lock___sfp_recursive_mutex
 .bss.__lock___sinit_recursive_mutex
                0x0000000020000926        0x1 c:/st/stm32cubeide_1.12.1/stm32cubeide/plugins/com.st.stm32cube.ide.mcu.externaltools.gnu-tools-for-stm32.10.3-2021.10.win32_1.0.200.202301161003/tools/bin/../lib/gcc/arm-none-eabi/10.3.1/../../../../arm-none-eabi/lib/thumb/v6-m/nofp\libc_nano.a(lib_a-lock.o)
                0x0000000020000926                __lock___sinit_recursive_mutex
 *fill*         0x0000000020000927        0x1 
 .bss.errno     0x0000000020000928        0x4 c:/st/stm32cubeide_1.12.1/stm32cubeide/plugins/com.st.stm32cube.ide.mcu.externaltools.gnu-tools-for-stm32.10.3-2021.10.win32_1.0.200.202301161003/tools/bin/../lib/gcc/arm-none-eabi/10.3.1/../../../../arm-none-eabi/lib/thumb/v6-m/nofp\libc_nano.a(lib_a-reent.o)
                0x0000000020000928                errno
 *(COMMON)
                0x000000002000092c                . = ALIGN (0x4)
                0x000000002000092c                _ebss = .
                0x000000002000092c                __bss_end__ = _ebss

._user_heap_stack
                0x000000002000092c      0x604 load address 0x0000000008009608
                0x0000000020000930                . = ALIGN (0x8)
 *fill*         0x000000002000092c        0x4 
                [!provide]                        PROVIDE (end = .)
                0x0000000020000930                PROVIDE (_end = .)
                0x0000000020000b30                . = (. + _Min_Heap_Size)
 *fill*         0x0000000020000930      0x200 
                0x0000000020000f30                . = (. + _Min_Stack_Size)
 *fill*         0x0000000020000b30      0x400 
                0x0000000020000f30                . = ALIGN (0x8)

/DISCARD/
 libc.a(*)
 libm.a(*)
 libgcc.a(*)

.ARM.attributes
                0x0000000000000000       0x28
 *(.ARM.attributes)
 .ARM.attributes
                0x0000000000000000       0x1e c:/st/stm32cubeide_1.12.1/stm32cubeide/plugins/com.st.stm32cube.ide.mcu.externaltools.gnu-tools-for-stm32.10.3-2021.10.win32_1.0.200.202301161003/tools/bin/../lib/gcc/arm-none-eabi/10.3.1/thumb/v6-m/nofp/crti.o
 .ARM.attributes
                0x000000000000001e       0x2c c:/st/stm32cubeide_1.12.1/stm32cubeide/plugins/com.st.stm32cube.ide.mcu.externaltools.gnu-tools-for-stm32.10.3-2021.10.win32_1.0.200.202301161003/tools/bin/../lib/gcc/arm-none-eabi/10.3.1/thumb/v6-m/nofp/crtbegin.o
 .ARM.attributes
                0x000000000000004a       0x2c ./Core/Src/button.o
 .ARM.attributes
                0x0000000000000076       0x2c ./Core/Src/lightEffects.o
 .ARM.attributes
                0x00000000000000a2       0x2c ./Core/Src/lightSensor.o
 .ARM.attributes
                0x00000000000000ce       0x2c ./Core/Src/lightingModule.o
 .ARM.attributes
                0x00000000000000fa       0x2c ./Core/Src/main.o
 .ARM.attributes
                0x0000000000000126       0x2c ./Core/Src/stm32g0xx_it.o
 .ARM.attributes
                0x0000000000000152       0x2c ./Core/Src/syscalls.o
 .ARM.attributes
                0x000000000000017e       0x2c ./Core/Src/sysmem.o
 .ARM.attributes
                0x00000000000001aa       0x2c ./Core/Src/system_stm32g0xx.o
 .ARM.attributes
                0x00000000000001d6       0x2c ./Core/Src/uartDebug.o
 .ARM.attributes
                0x0000000000000202       0x2c ./Core/Src/ws2812b_driver.o
 .ARM.attributes
                0x000000000000022e       0x22 ./Core/Startup/startup_stm32g030f6px.o
 .ARM.attributes
                0x0000000000000250       0x2c ./Drivers/STM32G0xx_HAL_Driver/stm32g0xx_ll_adc.o
 .ARM.attributes
                0x000000000000027c       0x2c ./Drivers/STM32G0xx_HAL_Driver/stm32g0xx_ll_gpio.o
 .ARM.attributes
                0x00000000000002a8       0x2c ./Drivers/STM32G0xx_HAL_Driver/stm32g0xx_ll_rcc.o
 .ARM.attributes
                0x00000000000002d4       0x2c ./Drivers/STM32G0xx_HAL_Driver/stm32g0xx_ll_usart.o
 .ARM.attributes
                0x0000000000000300       0x2c ./Drivers/STM32G0xx_HAL_Driver/stm32g0xx_ll_utils.o
 .ARM.attributes
                0x000000000000032c       0x2c c:/st/stm32cubeide_1.12.1/stm32cubeide/plugins/com.st.stm32cube.ide.mcu.externaltools.gnu-tools-for-stm32.10.3-2021.10.win32_1.0.200.202301161003/tools/bin/../lib/gcc/arm-none-eabi/10.3.1/../../../../arm-none-eabi/lib/thumb/v6-m/nofp\libc_nano.a(lib_a-errno.o)
 .ARM.attributes
                0x0000000000000358       0x2c c:/st/stm32cubeide_1.12.1/stm32cubeide/plugins/com.st.stm32cube.ide.mcu.externaltools.gnu-tools-for-stm32.10.3-2021.10.win32_1.0.200.202301161003/tools/bin/../lib/gcc/arm-none-eabi/10.3.1/../../../../arm-none-eabi/lib/thumb/v6-m/nofp\libc_nano.a(lib_a-impure.o)
 .ARM.attributes
                0x0000000000000384       0x2c c:/st/stm32cubeide_1.12.1/stm32cubeide/plugins/com.st.stm32cube.ide.mcu.externaltools.gnu-tools-for-stm32.10.3-2021.10.win32_1.0.200.202301161003/tools/bin/../lib/gcc/arm-none-eabi/10.3.1/../../../../arm-none-eabi/lib/thumb/v6-m/nofp\libc_nano.a(lib_a-init.o)
 .ARM.attributes
                0x00000000000003b0       0x2c c:/st/stm32cubeide_1.12.1/stm32cubeide/plugins/com.st.stm32cube.ide.mcu.externaltools.gnu-tools-for-stm32.10.3-2021.10.win32_1.0.200.202301161003/tools/bin/../lib/gcc/arm-none-eabi/10.3.1/../../../../arm-none-eabi/lib/thumb/v6-m/nofp\libc_nano.a(lib_a-memcpy-stub.o)
 .ARM.attributes
                0x00000000000003dc       0x2c c:/st/stm32cubeide_1.12.1/stm32cubeide/plugins/com.st.stm32cube.ide.mcu.externaltools.gnu-tools-for-stm32.10.3-2021.10.win32_1.0.200.202301161003/tools/bin/../lib/gcc/arm-none-eabi/10.3.1/../../../../arm-none-eabi/lib/thumb/v6-m/nofp\libc_nano.a(lib_a-memset.o)
 .ARM.attributes
                0x0000000000000408       0x2c c:/st/stm32cubeide_1.12.1/stm32cubeide/plugins/com.st.stm32cube.ide.mcu.externaltools.gnu-tools-for-stm32.10.3-2021.10.win32_1.0.200.202301161003/tools/bin/../lib/gcc/arm-none-eabi/10.3.1/../../../../arm-none-eabi/lib/thumb/v6-m/nofp\libc_nano.a(lib_a-nano-vfprintf_float.o)
 .ARM.attributes
                0x0000000000000434       0x2c c:/st/stm32cubeide_1.12.1/stm32cubeide/plugins/com.st.stm32cube.ide.mcu.externaltools.gnu-tools-for-stm32.10.3-2021.10.win32_1.0.200.202301161003/tools/bin/../lib/gcc/arm-none-eabi/10.3.1/../../../../arm-none-eabi/lib/thumb/v6-m/nofp\libc_nano.a(lib_a-nano-vfprintf_i.o)
 .ARM.attributes
                0x0000000000000460       0x2c c:/st/stm32cubeide_1.12.1/stm32cubeide/plugins/com.st.stm32cube.ide.mcu.externaltools.gnu-tools-for-stm32.10.3-2021.10.win32_1.0.200.202301161003/tools/bin/../lib/gcc/arm-none-eabi/10.3.1/../../../../arm-none-eabi/lib/thumb/v6-m/nofp\libc_nano.a(lib_a-rand.o)
 .ARM.attributes
                0x000000000000048c       0x2c c:/st/stm32cubeide_1.12.1/stm32cubeide/plugins/com.st.stm32cube.ide.mcu.externaltools.gnu-tools-for-stm32.10.3-2021.10.win32_1.0.200.202301161003/tools/bin/../lib/gcc/arm-none-eabi/10.3.1/../../../../arm-none-eabi/lib/thumb/v6-m/nofp\libc_nano.a(lib_a-sprintf.o)
 .ARM.attributes
                0x00000000000004b8       0x1c c:/st/stm32cubeide_1.12.1/stm32cubeide/plugins/com.st.stm32cube.ide.mcu.externaltools.gnu-tools-for-stm32.10.3-2021.10.win32_1.0.200.202301161003/tools/bin/../lib/gcc/arm-none-eabi/10.3.1/../../../../arm-none-eabi/lib/thumb/v6-m/nofp\libc_nano.a(lib_a-strlen.o)
 .ARM.attributes
                0x00000000000004d4       0x2c c:/st/stm32cubeide_1.12.1/stm32cubeide/plugins/com.st.stm32cube.ide.mcu.externaltools.gnu-tools-for-stm32.10.3-2021.10.win32_1.0.200.202301161003/tools/bin/../lib/gcc/arm-none-eabi/10.3.1/../../../../arm-none-eabi/lib/thumb/v6-m/nofp\libc_nano.a(lib_a-assert.o)
 .ARM.attributes
                0x0000000000000500       0x2c c:/st/stm32cubeide_1.12.1/stm32cubeide/plugins/com.st.stm32cube.ide.mcu.externaltools.gnu-tools-for-stm32.10.3-2021.10.win32_1.0.200.202301161003/tools/bin/../lib/gcc/arm-none-eabi/10.3.1/../../../../arm-none-eabi/lib/thumb/v6-m/nofp\libc_nano.a(lib_a-dtoa.o)
 .ARM.attributes
                0x000000000000052c       0x2c c:/st/stm32cubeide_1.12.1/stm32cubeide/plugins/com.st.stm32cube.ide.mcu.externaltools.gnu-tools-for-stm32.10.3-2021.10.win32_1.0.200.202301161003/tools/bin/../lib/gcc/arm-none-eabi/10.3.1/../../../../arm-none-eabi/lib/thumb/v6-m/nofp\libc_nano.a(lib_a-fprintf.o)
 .ARM.attributes