C:/Users/2andn/STM32Cube/Repository/STM32Cube_FW_G0_V1.6.1/Drivers/STM32G0xx_HAL_Driver/Inc/stm32g0xx_ll_adc.h:2437:22:LL_ADC_SetTriggerFrequencyMode	16	static
C:/Users/2andn/STM32Cube/Repository/STM32Cube_FW_G0_V1.6.1/Drivers/STM32G0xx_HAL_Driver/Inc/stm32g0xx_ll_adc.h:2499:22:LL_ADC_SetSamplingTimeCommonChannels	24	static
C:/Users/2andn/STM32Cube/Repository/STM32Cube_FW_G0_V1.6.1/Drivers/STM32G0xx_HAL_Driver/Inc/stm32g0xx_ll_adc.h:2711:22:LL_ADC_REG_SetSequencerConfigurable	16	static
C:/Users/2andn/STM32Cube/Repository/STM32Cube_FW_G0_V1.6.1/Drivers/STM32G0xx_HAL_Driver/Inc/stm32g0xx_ll_adc.h:3051:22:LL_ADC_REG_SetSequencerRanks	24	static
C:/Users/2andn/STM32Cube/Repository/STM32Cube_FW_G0_V1.6.1/Drivers/STM32G0xx_HAL_Driver/Inc/stm32g0xx_ll_adc.h:3591:22:LL_ADC_REG_SetDMATransfer	16	static
C:/Users/2andn/STM32Cube/Repository/STM32Cube_FW_G0_V1.6.1/Drivers/STM32G0xx_HAL_Driver/Inc/stm32g0xx_ll_adc.h:3750:22:LL_ADC_SetChannelSamplingTime	24	static
C:/Users/2andn/STM32Cube/Repository/STM32Cube_FW_G0_V1.6.1/Drivers/STM32G0xx_HAL_Driver/Inc/stm32g0xx_ll_adc.h:4301:22:LL_ADC_SetOverSamplingScope	16	static
C:/Users/2andn/STM32Cube/Repository/STM32Cube_FW_G0_V1.6.1/Drivers/STM32G0xx_HAL_Driver/Inc/stm32g0xx_ll_adc.h:4467:22:LL_ADC_EnableInternalRegulator	16	static
C:/Users/2andn/STM32Cube/Repository/STM32Cube_FW_G0_V1.6.1/Drivers/STM32G0xx_HAL_Driver/Inc/stm32g0xx_ll_adc.h:4518:22:LL_ADC_Enable	16	static
C:/Users/2andn/STM32Cube/Repository/STM32Cube_FW_G0_V1.6.1/Drivers/STM32G0xx_HAL_Driver/Inc/stm32g0xx_ll_adc.h:4648:22:LL_ADC_REG_StartConversion	16	static
C:/Users/2andn/STM32Cube/Repository/STM32Cube_FW_G0_V1.6.1/Drivers/STM32G0xx_HAL_Driver/Inc/stm32g0xx_ll_adc.h:4668:22:LL_ADC_REG_StopConversion	16	static
C:/Users/2andn/STM32Cube/Repository/STM32Cube_FW_G0_V1.6.1/Drivers/STM32G0xx_HAL_Driver/Inc/stm32g0xx_ll_adc.h:4818:26:LL_ADC_IsActiveFlag_CCRDY	16	static
C:/Users/2andn/STM32Cube/Repository/STM32Cube_FW_G0_V1.6.1/Drivers/STM32G0xx_HAL_Driver/Inc/stm32g0xx_ll_adc.h:4931:22:LL_ADC_ClearFlag_CCRDY	16	static
C:/Users/2andn/STM32Cube/Repository/STM32Cube_FW_G0_V1.6.1/Drivers/STM32G0xx_HAL_Driver/Inc/stm32g0xx_ll_dmamux.h:524:22:LL_DMAMUX_SetRequestID	24	static
C:/Users/2andn/STM32Cube/Repository/STM32Cube_FW_G0_V1.6.1/Drivers/STM32G0xx_HAL_Driver/Inc/stm32g0xx_ll_dma.h:500:22:LL_DMA_EnableChannel	24	static
C:/Users/2andn/STM32Cube/Repository/STM32Cube_FW_G0_V1.6.1/Drivers/STM32G0xx_HAL_Driver/Inc/stm32g0xx_ll_dma.h:520:22:LL_DMA_DisableChannel	24	static
C:/Users/2andn/STM32Cube/Repository/STM32Cube_FW_G0_V1.6.1/Drivers/STM32G0xx_HAL_Driver/Inc/stm32g0xx_ll_dma.h:576:22:LL_DMA_ConfigTransfer	32	static
C:/Users/2andn/STM32Cube/Repository/STM32Cube_FW_G0_V1.6.1/Drivers/STM32G0xx_HAL_Driver/Inc/stm32g0xx_ll_dma.h:895:22:LL_DMA_SetChannelPriorityLevel	32	static
C:/Users/2andn/STM32Cube/Repository/STM32Cube_FW_G0_V1.6.1/Drivers/STM32G0xx_HAL_Driver/Inc/stm32g0xx_ll_dma.h:944:22:LL_DMA_SetDataLength	32	static
C:/Users/2andn/STM32Cube/Repository/STM32Cube_FW_G0_V1.6.1/Drivers/STM32G0xx_HAL_Driver/Inc/stm32g0xx_ll_dma.h:1032:22:LL_DMA_SetMemoryAddress	32	static
C:/Users/2andn/STM32Cube/Repository/STM32Cube_FW_G0_V1.6.1/Drivers/STM32G0xx_HAL_Driver/Inc/stm32g0xx_ll_dma.h:1055:22:LL_DMA_SetPeriphAddress	32	static
C:/Users/2andn/STM32Cube/Repository/STM32Cube_FW_G0_V1.6.1/Drivers/STM32G0xx_HAL_Driver/Inc/stm32g0xx_ll_bus.h:250:22:LL_AHB1_GRP1_EnableClock	24	static
C:/Users/2andn/STM32Cube/Repository/STM32Cube_FW_G0_V1.6.1/Drivers/STM32G0xx_HAL_Driver/Inc/stm32g0xx_ll_bus.h:921:22:LL_APB2_GRP1_EnableClock	24	static
C:/Users/2andn/STM32Cube/Repository/STM32Cube_FW_G0_V1.6.1/Drivers/STM32G0xx_HAL_Driver/Inc/stm32g0xx_ll_bus.h:1135:22:LL_IOP_GRP1_EnableClock	24	static
../Core/Src/lightSensor.c:26:10:getLightValue	16	static
../Core/Src/lightSensor.c:38:6:lightSensorInit	88	static
../Core/Src/lightSensor.c:138:6:startLightMeasurment	8	static
