C:/Users/2andn/STM32Cube/Repository/STM32Cube_FW_G0_V1.6.1/Drivers/CMSIS/Include/core_cm0plus.h:850:22:__NVIC_SetPriority	24	static
C:/Users/2andn/STM32Cube/Repository/STM32Cube_FW_G0_V1.6.1/Drivers/STM32G0xx_HAL_Driver/Inc/stm32g0xx_ll_rcc.h:1343:22:LL_RCC_HSI_Enable	8	static
C:/Users/2andn/STM32Cube/Repository/STM32Cube_FW_G0_V1.6.1/Drivers/STM32G0xx_HAL_Driver/Inc/stm32g0xx_ll_rcc.h:1363:26:LL_RCC_HSI_IsReady	8	static
C:/Users/2andn/STM32Cube/Repository/STM32Cube_FW_G0_V1.6.1/Drivers/STM32G0xx_HAL_Driver/Inc/stm32g0xx_ll_rcc.h:1684:22:LL_RCC_SetSysClkSource	16	static
C:/Users/2andn/STM32Cube/Repository/STM32Cube_FW_G0_V1.6.1/Drivers/STM32G0xx_HAL_Driver/Inc/stm32g0xx_ll_rcc.h:1699:26:LL_RCC_GetSysClkSource	8	static
C:/Users/2andn/STM32Cube/Repository/STM32Cube_FW_G0_V1.6.1/Drivers/STM32G0xx_HAL_Driver/Inc/stm32g0xx_ll_rcc.h:1719:22:LL_RCC_SetAHBPrescaler	16	static
C:/Users/2andn/STM32Cube/Repository/STM32Cube_FW_G0_V1.6.1/Drivers/STM32G0xx_HAL_Driver/Inc/stm32g0xx_ll_rcc.h:1735:22:LL_RCC_SetAPB1Prescaler	16	static
C:/Users/2andn/STM32Cube/Repository/STM32Cube_FW_G0_V1.6.1/Drivers/STM32G0xx_HAL_Driver/Inc/stm32g0xx_ll_bus.h:467:22:LL_APB1_GRP1_EnableClock	24	static
C:/Users/2andn/STM32Cube/Repository/STM32Cube_FW_G0_V1.6.1/Drivers/STM32G0xx_HAL_Driver/Inc/stm32g0xx_ll_bus.h:921:22:LL_APB2_GRP1_EnableClock	24	static
../Core/Src/main.c:16:5:main	32	static
../Core/Src/main.c:66:6:SystemClockConfig	8	static
../Core/Src/main.c:87:6:Error_Handler	8	static,ignoring_inline_asm
